[2026-02-16T15:04:03.003+0000] {taskinstance.py:1956} INFO - Dependencies all met for dep_context=non-requeueable deps ti=<TaskInstance: sec_edgar_pipeline.download_sec_filings scheduled__2026-02-15T09:00:00+00:00 [queued]>
[2026-02-16T15:04:03.017+0000] {taskinstance.py:1956} INFO - Dependencies all met for dep_context=requeueable deps ti=<TaskInstance: sec_edgar_pipeline.download_sec_filings scheduled__2026-02-15T09:00:00+00:00 [queued]>
[2026-02-16T15:04:03.018+0000] {taskinstance.py:2170} INFO - Starting attempt 1 of 4
[2026-02-16T15:04:03.091+0000] {taskinstance.py:2191} INFO - Executing <Task(PythonOperator): download_sec_filings> on 2026-02-15 09:00:00+00:00
[2026-02-16T15:04:03.102+0000] {standard_task_runner.py:60} INFO - Started process 244 to run task
[2026-02-16T15:04:03.107+0000] {standard_task_runner.py:87} INFO - Running: ['***', 'tasks', 'run', 'sec_edgar_pipeline', 'download_sec_filings', 'scheduled__2026-02-15T09:00:00+00:00', '--job-id', '53', '--raw', '--subdir', 'DAGS_FOLDER/sec_edgar_dag.py', '--cfg-path', '/tmp/tmpm2wsmy16']
[2026-02-16T15:04:03.114+0000] {standard_task_runner.py:88} INFO - Job 53: Subtask download_sec_filings
[2026-02-16T15:04:03.211+0000] {task_command.py:423} INFO - Running <TaskInstance: sec_edgar_pipeline.download_sec_filings scheduled__2026-02-15T09:00:00+00:00 [running]> on host ea18fbadf717
[2026-02-16T15:04:03.426+0000] {taskinstance.py:2480} INFO - Exporting env vars: AIRFLOW_CTX_DAG_OWNER='pe-orgair-team' AIRFLOW_CTX_DAG_ID='sec_edgar_pipeline' AIRFLOW_CTX_TASK_ID='download_sec_filings' AIRFLOW_CTX_EXECUTION_DATE='2026-02-15T09:00:00+00:00' AIRFLOW_CTX_TRY_NUMBER='1' AIRFLOW_CTX_DAG_RUN_ID='scheduled__2026-02-15T09:00:00+00:00'
[2026-02-16T15:04:03.448+0000] {logging_mixin.py:188} INFO - 2026-02-16 15:04:03 [info     ] task_download_started          cik=None ticker=WMT
[2026-02-16T15:04:03.449+0000] {taskinstance.py:2698} ERROR - Task failed with exception
Traceback (most recent call last):
  File "/home/airflow/.local/lib/python3.11/site-packages/airflow/models/taskinstance.py", line 428, in _execute_task
    result = execute_callable(context=context, **execute_callable_kwargs)
             ^^^^^^^^^^^^^^^^^^^^^^^^^^^^^^^^^^^^^^^^^^^^^^^^^^^^^^^^^^^^
  File "/home/airflow/.local/lib/python3.11/site-packages/airflow/operators/python.py", line 199, in execute
    return_value = self.execute_callable()
                   ^^^^^^^^^^^^^^^^^^^^^^^
  File "/home/airflow/.local/lib/python3.11/site-packages/airflow/operators/python.py", line 216, in execute_callable
    return self.python_callable(*self.op_args, **self.op_kwargs)
           ^^^^^^^^^^^^^^^^^^^^^^^^^^^^^^^^^^^^^^^^^^^^^^^^^^^^^
  File "/opt/airflow/dags/sec_edgar_dag.py", line 131, in download_sec_filings
    download_dir.mkdir(parents=True, exist_ok=True)
  File "/usr/local/lib/python3.11/pathlib.py", line 1116, in mkdir
    os.mkdir(self, mode)
PermissionError: [Errno 13] Permission denied: '/tmp/airflow/sec_filings'
[2026-02-16T15:04:03.467+0000] {taskinstance.py:1138} INFO - Marking task as UP_FOR_RETRY. dag_id=sec_edgar_pipeline, task_id=download_sec_filings, execution_date=20260215T090000, start_date=20260216T150403, end_date=20260216T150403
[2026-02-16T15:04:03.530+0000] {standard_task_runner.py:107} ERROR - Failed to execute job 53 for task download_sec_filings ([Errno 13] Permission denied: '/tmp/airflow/sec_filings'; 244)
[2026-02-16T15:04:03.564+0000] {local_task_job_runner.py:234} INFO - Task exited with return code 1
[2026-02-16T15:04:03.596+0000] {taskinstance.py:3280} INFO - 0 downstream tasks scheduled from follow-on schedule check
[2026-02-16T15:09:26.957+0000] {taskinstance.py:1956} INFO - Dependencies all met for dep_context=non-requeueable deps ti=<TaskInstance: sec_edgar_pipeline.download_sec_filings scheduled__2026-02-15T09:00:00+00:00 [queued]>
[2026-02-16T15:09:26.971+0000] {taskinstance.py:1956} INFO - Dependencies all met for dep_context=requeueable deps ti=<TaskInstance: sec_edgar_pipeline.download_sec_filings scheduled__2026-02-15T09:00:00+00:00 [queued]>
[2026-02-16T15:09:26.972+0000] {taskinstance.py:2170} INFO - Starting attempt 1 of 4
[2026-02-16T15:09:27.043+0000] {taskinstance.py:2191} INFO - Executing <Task(PythonOperator): download_sec_filings> on 2026-02-15 09:00:00+00:00
[2026-02-16T15:09:27.053+0000] {standard_task_runner.py:60} INFO - Started process 238 to run task
[2026-02-16T15:09:27.058+0000] {standard_task_runner.py:87} INFO - Running: ['***', 'tasks', 'run', 'sec_edgar_pipeline', 'download_sec_filings', 'scheduled__2026-02-15T09:00:00+00:00', '--job-id', '57', '--raw', '--subdir', 'DAGS_FOLDER/sec_edgar_dag.py', '--cfg-path', '/tmp/tmp0o0s439c']
[2026-02-16T15:09:27.063+0000] {standard_task_runner.py:88} INFO - Job 57: Subtask download_sec_filings
[2026-02-16T15:09:27.148+0000] {task_command.py:423} INFO - Running <TaskInstance: sec_edgar_pipeline.download_sec_filings scheduled__2026-02-15T09:00:00+00:00 [running]> on host ea18fbadf717
[2026-02-16T15:09:27.360+0000] {taskinstance.py:2480} INFO - Exporting env vars: AIRFLOW_CTX_DAG_OWNER='pe-orgair-team' AIRFLOW_CTX_DAG_ID='sec_edgar_pipeline' AIRFLOW_CTX_TASK_ID='download_sec_filings' AIRFLOW_CTX_EXECUTION_DATE='2026-02-15T09:00:00+00:00' AIRFLOW_CTX_TRY_NUMBER='1' AIRFLOW_CTX_DAG_RUN_ID='scheduled__2026-02-15T09:00:00+00:00'
[2026-02-16T15:09:27.382+0000] {logging_mixin.py:188} INFO - 2026-02-16 15:09:27 [info     ] task_download_started          cik=None ticker=WMT
[2026-02-16T15:09:27.431+0000] {limiter.py:143} INFO - Initializing default bucket(InMemoryBucket) with rates: [limit=10/1000]
[2026-02-16T15:09:41.854+0000] {logging_mixin.py:188} INFO - 2026-02-16 15:09:41 [info     ] download_complete              files_downloaded=26 ticker=WMT
[2026-02-16T15:09:41.923+0000] {python.py:201} INFO - Done. Returned value was: 26
[2026-02-16T15:09:41.950+0000] {taskinstance.py:1138} INFO - Marking task as SUCCESS. dag_id=sec_edgar_pipeline, task_id=download_sec_filings, execution_date=20260215T090000, start_date=20260216T150926, end_date=20260216T150941
[2026-02-16T15:09:42.006+0000] {local_task_job_runner.py:234} INFO - Task exited with return code 0
[2026-02-16T15:09:42.041+0000] {taskinstance.py:3280} INFO - 1 downstream tasks scheduled from follow-on schedule check
[2026-02-16T15:19:18.250+0000] {taskinstance.py:1956} INFO - Dependencies all met for dep_context=non-requeueable deps ti=<TaskInstance: sec_edgar_pipeline.download_sec_filings scheduled__2026-02-15T09:00:00+00:00 [queued]>
[2026-02-16T15:19:18.262+0000] {taskinstance.py:1956} INFO - Dependencies all met for dep_context=requeueable deps ti=<TaskInstance: sec_edgar_pipeline.download_sec_filings scheduled__2026-02-15T09:00:00+00:00 [queued]>
[2026-02-16T15:19:18.262+0000] {taskinstance.py:2170} INFO - Starting attempt 1 of 4
[2026-02-16T15:19:18.328+0000] {taskinstance.py:2191} INFO - Executing <Task(PythonOperator): download_sec_filings> on 2026-02-15 09:00:00+00:00
[2026-02-16T15:19:18.338+0000] {standard_task_runner.py:60} INFO - Started process 255 to run task
[2026-02-16T15:19:18.342+0000] {standard_task_runner.py:87} INFO - Running: ['***', 'tasks', 'run', 'sec_edgar_pipeline', 'download_sec_filings', 'scheduled__2026-02-15T09:00:00+00:00', '--job-id', '65', '--raw', '--subdir', 'DAGS_FOLDER/sec_edgar_dag.py', '--cfg-path', '/tmp/tmpcrx5om97']
[2026-02-16T15:19:18.345+0000] {standard_task_runner.py:88} INFO - Job 65: Subtask download_sec_filings
[2026-02-16T15:19:18.426+0000] {task_command.py:423} INFO - Running <TaskInstance: sec_edgar_pipeline.download_sec_filings scheduled__2026-02-15T09:00:00+00:00 [running]> on host ea18fbadf717
[2026-02-16T15:19:18.537+0000] {taskinstance.py:2480} INFO - Exporting env vars: AIRFLOW_CTX_DAG_OWNER='pe-orgair-team' AIRFLOW_CTX_DAG_ID='sec_edgar_pipeline' AIRFLOW_CTX_TASK_ID='download_sec_filings' AIRFLOW_CTX_EXECUTION_DATE='2026-02-15T09:00:00+00:00' AIRFLOW_CTX_TRY_NUMBER='1' AIRFLOW_CTX_DAG_RUN_ID='scheduled__2026-02-15T09:00:00+00:00'
[2026-02-16T15:19:18.557+0000] {logging_mixin.py:188} INFO - 2026-02-16 15:19:18 [info     ] task_download_started          cik=None ticker=WMT
[2026-02-16T15:19:18.593+0000] {limiter.py:143} INFO - Initializing default bucket(InMemoryBucket) with rates: [limit=10/1000]
[2026-02-16T15:19:27.295+0000] {logging_mixin.py:188} INFO - 2026-02-16 15:19:27 [info     ] download_complete              files_downloaded=26 ticker=WMT
[2026-02-16T15:19:27.364+0000] {python.py:201} INFO - Done. Returned value was: 26
[2026-02-16T15:19:27.392+0000] {taskinstance.py:1138} INFO - Marking task as SUCCESS. dag_id=sec_edgar_pipeline, task_id=download_sec_filings, execution_date=20260215T090000, start_date=20260216T151918, end_date=20260216T151927
[2026-02-16T15:19:27.463+0000] {local_task_job_runner.py:234} INFO - Task exited with return code 0
[2026-02-16T15:19:27.499+0000] {taskinstance.py:3280} INFO - 1 downstream tasks scheduled from follow-on schedule check
[2026-02-16T15:28:39.777+0000] {taskinstance.py:1956} INFO - Dependencies all met for dep_context=non-requeueable deps ti=<TaskInstance: sec_edgar_pipeline.download_sec_filings scheduled__2026-02-15T09:00:00+00:00 [queued]>
[2026-02-16T15:28:39.789+0000] {taskinstance.py:1956} INFO - Dependencies all met for dep_context=requeueable deps ti=<TaskInstance: sec_edgar_pipeline.download_sec_filings scheduled__2026-02-15T09:00:00+00:00 [queued]>
[2026-02-16T15:28:39.790+0000] {taskinstance.py:2170} INFO - Starting attempt 1 of 4
[2026-02-16T15:28:39.855+0000] {taskinstance.py:2191} INFO - Executing <Task(PythonOperator): download_sec_filings> on 2026-02-15 09:00:00+00:00
[2026-02-16T15:28:39.866+0000] {standard_task_runner.py:60} INFO - Started process 238 to run task
[2026-02-16T15:28:39.869+0000] {standard_task_runner.py:87} INFO - Running: ['***', 'tasks', 'run', 'sec_edgar_pipeline', 'download_sec_filings', 'scheduled__2026-02-15T09:00:00+00:00', '--job-id', '73', '--raw', '--subdir', 'DAGS_FOLDER/sec_edgar_dag.py', '--cfg-path', '/tmp/tmp0pe4p10x']
[2026-02-16T15:28:39.874+0000] {standard_task_runner.py:88} INFO - Job 73: Subtask download_sec_filings
[2026-02-16T15:28:39.950+0000] {task_command.py:423} INFO - Running <TaskInstance: sec_edgar_pipeline.download_sec_filings scheduled__2026-02-15T09:00:00+00:00 [running]> on host ea18fbadf717
[2026-02-16T15:28:40.155+0000] {taskinstance.py:2480} INFO - Exporting env vars: AIRFLOW_CTX_DAG_OWNER='pe-orgair-team' AIRFLOW_CTX_DAG_ID='sec_edgar_pipeline' AIRFLOW_CTX_TASK_ID='download_sec_filings' AIRFLOW_CTX_EXECUTION_DATE='2026-02-15T09:00:00+00:00' AIRFLOW_CTX_TRY_NUMBER='1' AIRFLOW_CTX_DAG_RUN_ID='scheduled__2026-02-15T09:00:00+00:00'
[2026-02-16T15:28:40.175+0000] {logging_mixin.py:188} INFO - 2026-02-16 15:28:40 [info     ] task_download_started          cik=None ticker=WMT
[2026-02-16T15:28:40.210+0000] {limiter.py:143} INFO - Initializing default bucket(InMemoryBucket) with rates: [limit=10/1000]
[2026-02-16T15:28:51.673+0000] {logging_mixin.py:188} INFO - 2026-02-16 15:28:51 [info     ] download_complete              files_downloaded=26 ticker=WMT
[2026-02-16T15:28:51.693+0000] {python.py:201} INFO - Done. Returned value was: 26
[2026-02-16T15:28:51.720+0000] {taskinstance.py:1138} INFO - Marking task as SUCCESS. dag_id=sec_edgar_pipeline, task_id=download_sec_filings, execution_date=20260215T090000, start_date=20260216T152839, end_date=20260216T152851
[2026-02-16T15:28:51.784+0000] {local_task_job_runner.py:234} INFO - Task exited with return code 0
[2026-02-16T15:28:51.820+0000] {taskinstance.py:3280} INFO - 1 downstream tasks scheduled from follow-on schedule check
