[2026-02-16T15:58:09.416+0000] {taskinstance.py:1956} INFO - Dependencies all met for dep_context=non-requeueable deps ti=<TaskInstance: sec_edgar_pipeline.check_duplicates manual__2026-02-16T15:28:31.889710+00:00 [queued]>
[2026-02-16T15:58:09.426+0000] {taskinstance.py:1956} INFO - Dependencies all met for dep_context=requeueable deps ti=<TaskInstance: sec_edgar_pipeline.check_duplicates manual__2026-02-16T15:28:31.889710+00:00 [queued]>
[2026-02-16T15:58:09.427+0000] {taskinstance.py:2170} INFO - Starting attempt 1 of 4
[2026-02-16T15:58:09.495+0000] {taskinstance.py:2191} INFO - Executing <Task(PythonOperator): check_duplicates> on 2026-02-16 15:28:31.889710+00:00
[2026-02-16T15:58:09.506+0000] {standard_task_runner.py:60} INFO - Started process 488 to run task
[2026-02-16T15:58:09.509+0000] {standard_task_runner.py:87} INFO - Running: ['***', 'tasks', 'run', 'sec_edgar_pipeline', 'check_duplicates', 'manual__2026-02-16T15:28:31.889710+00:00', '--job-id', '82', '--raw', '--subdir', 'DAGS_FOLDER/sec_edgar_dag.py', '--cfg-path', '/tmp/tmp9ahb9cds']
[2026-02-16T15:58:09.513+0000] {standard_task_runner.py:88} INFO - Job 82: Subtask check_duplicates
[2026-02-16T15:58:09.576+0000] {task_command.py:423} INFO - Running <TaskInstance: sec_edgar_pipeline.check_duplicates manual__2026-02-16T15:28:31.889710+00:00 [running]> on host ea18fbadf717
[2026-02-16T15:58:09.783+0000] {taskinstance.py:2480} INFO - Exporting env vars: AIRFLOW_CTX_DAG_OWNER='pe-orgair-team' AIRFLOW_CTX_DAG_ID='sec_edgar_pipeline' AIRFLOW_CTX_TASK_ID='check_duplicates' AIRFLOW_CTX_EXECUTION_DATE='2026-02-16T15:28:31.889710+00:00' AIRFLOW_CTX_TRY_NUMBER='1' AIRFLOW_CTX_DAG_RUN_ID='manual__2026-02-16T15:28:31.889710+00:00'
[2026-02-16T15:58:09.887+0000] {crypto.py:82} WARNING - empty cryptography key - values will not be stored encrypted.
[2026-02-16T15:58:09.889+0000] {base.py:83} INFO - Using connection ID 'snowflake_default' for task execution.
[2026-02-16T15:58:09.890+0000] {connection.py:370} INFO - Snowflake Connector for Python Version: 3.6.0, Python Version: 3.11.8, Platform: Linux-5.15.167.4-microsoft-standard-WSL2-x86_64-with-glibc2.36
[2026-02-16T15:58:09.892+0000] {connection.py:1171} INFO - This connection is in OCSP Fail Open Mode. TLS Certificates would be checked for validity and revocation status. Any other Certificate Revocation related exceptions or OCSP Responder failures would be disregarded in favor of connectivity.
[2026-02-16T15:58:11.763+0000] {cursor.py:1028} INFO - query: [SELECT id FROM PE_ORGAIR.PUBLIC.DOCUMENTS WHERE content_hash = '8452ff4108a01633...]
[2026-02-16T15:58:12.240+0000] {cursor.py:1041} INFO - query execution done
[2026-02-16T15:58:12.242+0000] {cursor.py:1205} INFO - Number of results in first chunk: 1
[2026-02-16T15:58:12.244+0000] {logging_mixin.py:188} INFO - 2026-02-16 15:58:12 [info     ] duplicate_detected             accession=0000104169-20-000011 filing_type=10-K
[2026-02-16T15:58:12.245+0000] {cursor.py:1028} INFO - query: [SELECT id FROM PE_ORGAIR.PUBLIC.DOCUMENTS WHERE content_hash = 'bd85384bd751643c...]
[2026-02-16T15:58:12.679+0000] {cursor.py:1041} INFO - query execution done
[2026-02-16T15:58:12.681+0000] {cursor.py:1205} INFO - Number of results in first chunk: 1
[2026-02-16T15:58:12.682+0000] {logging_mixin.py:188} INFO - 2026-02-16 15:58:12 [info     ] duplicate_detected             accession=0000104169-21-000033 filing_type=10-K
[2026-02-16T15:58:12.683+0000] {cursor.py:1028} INFO - query: [SELECT id FROM PE_ORGAIR.PUBLIC.DOCUMENTS WHERE content_hash = 'd53261ac2d3dca4f...]
[2026-02-16T15:58:13.189+0000] {cursor.py:1041} INFO - query execution done
[2026-02-16T15:58:13.190+0000] {cursor.py:1205} INFO - Number of results in first chunk: 1
[2026-02-16T15:58:13.192+0000] {logging_mixin.py:188} INFO - 2026-02-16 15:58:13 [info     ] duplicate_detected             accession=0000104169-22-000012 filing_type=10-K
[2026-02-16T15:58:13.192+0000] {cursor.py:1028} INFO - query: [SELECT id FROM PE_ORGAIR.PUBLIC.DOCUMENTS WHERE content_hash = '4444814addc18176...]
[2026-02-16T15:58:13.333+0000] {cursor.py:1041} INFO - query execution done
[2026-02-16T15:58:13.334+0000] {cursor.py:1205} INFO - Number of results in first chunk: 1
[2026-02-16T15:58:13.335+0000] {logging_mixin.py:188} INFO - 2026-02-16 15:58:13 [info     ] duplicate_detected             accession=0000104169-23-000020 filing_type=10-K
[2026-02-16T15:58:13.336+0000] {cursor.py:1028} INFO - query: [SELECT id FROM PE_ORGAIR.PUBLIC.DOCUMENTS WHERE content_hash = '03fbe20d852c9fde...]
[2026-02-16T15:58:13.444+0000] {cursor.py:1041} INFO - query execution done
[2026-02-16T15:58:13.445+0000] {cursor.py:1205} INFO - Number of results in first chunk: 1
[2026-02-16T15:58:13.446+0000] {logging_mixin.py:188} INFO - 2026-02-16 15:58:13 [info     ] duplicate_detected             accession=0000104169-24-000056 filing_type=10-K
[2026-02-16T15:58:13.447+0000] {cursor.py:1028} INFO - query: [SELECT id FROM PE_ORGAIR.PUBLIC.DOCUMENTS WHERE content_hash = '9a1f786e807820dd...]
[2026-02-16T15:58:13.668+0000] {cursor.py:1041} INFO - query execution done
[2026-02-16T15:58:13.669+0000] {cursor.py:1205} INFO - Number of results in first chunk: 1
[2026-02-16T15:58:13.670+0000] {logging_mixin.py:188} INFO - 2026-02-16 15:58:13 [info     ] duplicate_detected             accession=0000104169-25-000021 filing_type=10-K
[2026-02-16T15:58:13.671+0000] {cursor.py:1028} INFO - query: [SELECT id FROM PE_ORGAIR.PUBLIC.DOCUMENTS WHERE content_hash = 'e3b0c44298fc1c14...]
[2026-02-16T15:58:13.807+0000] {cursor.py:1041} INFO - query execution done
[2026-02-16T15:58:13.808+0000] {cursor.py:1205} INFO - Number of results in first chunk: 1
[2026-02-16T15:58:13.809+0000] {logging_mixin.py:188} INFO - 2026-02-16 15:58:13 [info     ] duplicate_detected             accession=0000104169-22-000083 filing_type=10-Q
[2026-02-16T15:58:13.810+0000] {cursor.py:1028} INFO - query: [SELECT id FROM PE_ORGAIR.PUBLIC.DOCUMENTS WHERE content_hash = 'e3b0c44298fc1c14...]
[2026-02-16T15:58:13.902+0000] {cursor.py:1041} INFO - query execution done
[2026-02-16T15:58:13.903+0000] {cursor.py:1205} INFO - Number of results in first chunk: 1
[2026-02-16T15:58:13.904+0000] {logging_mixin.py:188} INFO - 2026-02-16 15:58:13 [info     ] duplicate_detected             accession=0000104169-23-000052 filing_type=10-Q
[2026-02-16T15:58:13.905+0000] {cursor.py:1028} INFO - query: [SELECT id FROM PE_ORGAIR.PUBLIC.DOCUMENTS WHERE content_hash = 'e3b0c44298fc1c14...]
[2026-02-16T15:58:14.040+0000] {cursor.py:1041} INFO - query execution done
[2026-02-16T15:58:14.041+0000] {cursor.py:1205} INFO - Number of results in first chunk: 1
[2026-02-16T15:58:14.043+0000] {logging_mixin.py:188} INFO - 2026-02-16 15:58:14 [info     ] duplicate_detected             accession=0000104169-23-000097 filing_type=10-Q
[2026-02-16T15:58:14.043+0000] {cursor.py:1028} INFO - query: [SELECT id FROM PE_ORGAIR.PUBLIC.DOCUMENTS WHERE content_hash = 'e3b0c44298fc1c14...]
[2026-02-16T15:58:14.119+0000] {cursor.py:1041} INFO - query execution done
[2026-02-16T15:58:14.121+0000] {cursor.py:1205} INFO - Number of results in first chunk: 1
[2026-02-16T15:58:14.122+0000] {logging_mixin.py:188} INFO - 2026-02-16 15:58:14 [info     ] duplicate_detected             accession=0000104169-23-000132 filing_type=10-Q
[2026-02-16T15:58:14.123+0000] {cursor.py:1028} INFO - query: [SELECT id FROM PE_ORGAIR.PUBLIC.DOCUMENTS WHERE content_hash = 'e3b0c44298fc1c14...]
[2026-02-16T15:58:14.312+0000] {cursor.py:1041} INFO - query execution done
[2026-02-16T15:58:14.313+0000] {cursor.py:1205} INFO - Number of results in first chunk: 1
[2026-02-16T15:58:14.314+0000] {logging_mixin.py:188} INFO - 2026-02-16 15:58:14 [info     ] duplicate_detected             accession=0000104169-24-000105 filing_type=10-Q
[2026-02-16T15:58:14.315+0000] {cursor.py:1028} INFO - query: [SELECT id FROM PE_ORGAIR.PUBLIC.DOCUMENTS WHERE content_hash = 'e3b0c44298fc1c14...]
[2026-02-16T15:58:14.387+0000] {cursor.py:1041} INFO - query execution done
[2026-02-16T15:58:14.388+0000] {cursor.py:1205} INFO - Number of results in first chunk: 1
[2026-02-16T15:58:14.389+0000] {logging_mixin.py:188} INFO - 2026-02-16 15:58:14 [info     ] duplicate_detected             accession=0000104169-24-000141 filing_type=10-Q
[2026-02-16T15:58:14.390+0000] {cursor.py:1028} INFO - query: [SELECT id FROM PE_ORGAIR.PUBLIC.DOCUMENTS WHERE content_hash = 'e3b0c44298fc1c14...]
[2026-02-16T15:58:14.475+0000] {cursor.py:1041} INFO - query execution done
[2026-02-16T15:58:14.475+0000] {cursor.py:1205} INFO - Number of results in first chunk: 1
[2026-02-16T15:58:14.476+0000] {logging_mixin.py:188} INFO - 2026-02-16 15:58:14 [info     ] duplicate_detected             accession=0000104169-24-000178 filing_type=10-Q
[2026-02-16T15:58:14.477+0000] {cursor.py:1028} INFO - query: [SELECT id FROM PE_ORGAIR.PUBLIC.DOCUMENTS WHERE content_hash = '6b8cf24e511b8c6f...]
[2026-02-16T15:58:14.618+0000] {cursor.py:1041} INFO - query execution done
[2026-02-16T15:58:14.619+0000] {cursor.py:1205} INFO - Number of results in first chunk: 1
[2026-02-16T15:58:14.620+0000] {logging_mixin.py:188} INFO - 2026-02-16 15:58:14 [info     ] duplicate_detected             accession=0000104169-25-000090 filing_type=10-Q
[2026-02-16T15:58:14.620+0000] {cursor.py:1028} INFO - query: [SELECT id FROM PE_ORGAIR.PUBLIC.DOCUMENTS WHERE content_hash = '4cf0475a5e2c923e...]
[2026-02-16T15:58:14.826+0000] {cursor.py:1041} INFO - query execution done
[2026-02-16T15:58:14.826+0000] {cursor.py:1205} INFO - Number of results in first chunk: 1
[2026-02-16T15:58:14.827+0000] {logging_mixin.py:188} INFO - 2026-02-16 15:58:14 [info     ] duplicate_detected             accession=0000104169-25-000137 filing_type=10-Q
[2026-02-16T15:58:14.828+0000] {cursor.py:1028} INFO - query: [SELECT id FROM PE_ORGAIR.PUBLIC.DOCUMENTS WHERE content_hash = '5cbf8cffba4ecb93...]
[2026-02-16T15:58:14.935+0000] {cursor.py:1041} INFO - query execution done
[2026-02-16T15:58:14.936+0000] {cursor.py:1205} INFO - Number of results in first chunk: 1
[2026-02-16T15:58:14.937+0000] {logging_mixin.py:188} INFO - 2026-02-16 15:58:14 [info     ] duplicate_detected             accession=0000104169-25-000191 filing_type=10-Q
[2026-02-16T15:58:14.937+0000] {cursor.py:1028} INFO - query: [SELECT id FROM PE_ORGAIR.PUBLIC.DOCUMENTS WHERE content_hash = '5e6dbd71b00d35a3...]
[2026-02-16T15:58:15.129+0000] {cursor.py:1041} INFO - query execution done
[2026-02-16T15:58:15.130+0000] {cursor.py:1205} INFO - Number of results in first chunk: 1
[2026-02-16T15:58:15.131+0000] {logging_mixin.py:188} INFO - 2026-02-16 15:58:15 [info     ] duplicate_detected             accession=0000104169-25-000120 filing_type=8-K
[2026-02-16T15:58:15.131+0000] {cursor.py:1028} INFO - query: [SELECT id FROM PE_ORGAIR.PUBLIC.DOCUMENTS WHERE content_hash = '0e8e917b738e9ffe...]
[2026-02-16T15:58:15.309+0000] {cursor.py:1041} INFO - query execution done
[2026-02-16T15:58:15.310+0000] {cursor.py:1205} INFO - Number of results in first chunk: 1
[2026-02-16T15:58:15.311+0000] {logging_mixin.py:188} INFO - 2026-02-16 15:58:15 [info     ] duplicate_detected             accession=0000104169-25-000143 filing_type=8-K
[2026-02-16T15:58:15.312+0000] {cursor.py:1028} INFO - query: [SELECT id FROM PE_ORGAIR.PUBLIC.DOCUMENTS WHERE content_hash = '1566bf9076e67fe1...]
[2026-02-16T15:58:15.438+0000] {cursor.py:1041} INFO - query execution done
[2026-02-16T15:58:15.438+0000] {cursor.py:1205} INFO - Number of results in first chunk: 1
[2026-02-16T15:58:15.439+0000] {logging_mixin.py:188} INFO - 2026-02-16 15:58:15 [info     ] duplicate_detected             accession=0000104169-25-000151 filing_type=8-K
[2026-02-16T15:58:15.440+0000] {cursor.py:1028} INFO - query: [SELECT id FROM PE_ORGAIR.PUBLIC.DOCUMENTS WHERE content_hash = '97800d2c2f56a766...]
[2026-02-16T15:58:16.157+0000] {cursor.py:1041} INFO - query execution done
[2026-02-16T15:58:16.158+0000] {cursor.py:1205} INFO - Number of results in first chunk: 1
[2026-02-16T15:58:16.159+0000] {logging_mixin.py:188} INFO - 2026-02-16 15:58:16 [info     ] duplicate_detected             accession=0000104169-25-000153 filing_type=8-K
[2026-02-16T15:58:16.160+0000] {cursor.py:1028} INFO - query: [SELECT id FROM PE_ORGAIR.PUBLIC.DOCUMENTS WHERE content_hash = '1c5f35f8ce643cd2...]
[2026-02-16T15:58:16.318+0000] {cursor.py:1041} INFO - query execution done
[2026-02-16T15:58:16.319+0000] {cursor.py:1205} INFO - Number of results in first chunk: 1
[2026-02-16T15:58:16.320+0000] {logging_mixin.py:188} INFO - 2026-02-16 15:58:16 [info     ] duplicate_detected             accession=0000104169-25-000168 filing_type=8-K
[2026-02-16T15:58:16.320+0000] {cursor.py:1028} INFO - query: [SELECT id FROM PE_ORGAIR.PUBLIC.DOCUMENTS WHERE content_hash = '910d1c046531ff7b...]
[2026-02-16T15:58:16.463+0000] {cursor.py:1041} INFO - query execution done
[2026-02-16T15:58:16.465+0000] {cursor.py:1205} INFO - Number of results in first chunk: 1
[2026-02-16T15:58:16.466+0000] {logging_mixin.py:188} INFO - 2026-02-16 15:58:16 [info     ] duplicate_detected             accession=0000104169-25-000172 filing_type=8-K
[2026-02-16T15:58:16.467+0000] {cursor.py:1028} INFO - query: [SELECT id FROM PE_ORGAIR.PUBLIC.DOCUMENTS WHERE content_hash = 'd9e1f835300990ff...]
[2026-02-16T15:58:16.676+0000] {cursor.py:1041} INFO - query execution done
[2026-02-16T15:58:16.677+0000] {cursor.py:1205} INFO - Number of results in first chunk: 1
[2026-02-16T15:58:16.678+0000] {logging_mixin.py:188} INFO - 2026-02-16 15:58:16 [info     ] duplicate_detected             accession=0000104169-25-000177 filing_type=8-K
[2026-02-16T15:58:16.678+0000] {cursor.py:1028} INFO - query: [SELECT id FROM PE_ORGAIR.PUBLIC.DOCUMENTS WHERE content_hash = '6d4ffd3619275754...]
[2026-02-16T15:58:16.873+0000] {cursor.py:1041} INFO - query execution done
[2026-02-16T15:58:16.875+0000] {cursor.py:1205} INFO - Number of results in first chunk: 1
[2026-02-16T15:58:16.876+0000] {logging_mixin.py:188} INFO - 2026-02-16 15:58:16 [info     ] duplicate_detected             accession=0000104169-25-000238 filing_type=8-K
[2026-02-16T15:58:16.876+0000] {cursor.py:1028} INFO - query: [SELECT id FROM PE_ORGAIR.PUBLIC.DOCUMENTS WHERE content_hash = 'f42c320c261be4ff...]
[2026-02-16T15:58:16.995+0000] {cursor.py:1041} INFO - query execution done
[2026-02-16T15:58:16.996+0000] {cursor.py:1205} INFO - Number of results in first chunk: 1
[2026-02-16T15:58:16.997+0000] {logging_mixin.py:188} INFO - 2026-02-16 15:58:16 [info     ] duplicate_detected             accession=0000104169-26-000008 filing_type=8-K
[2026-02-16T15:58:16.998+0000] {cursor.py:1028} INFO - query: [SELECT id FROM PE_ORGAIR.PUBLIC.DOCUMENTS WHERE content_hash = '087b3129dd604e46...]
[2026-02-16T15:58:17.124+0000] {cursor.py:1041} INFO - query execution done
[2026-02-16T15:58:17.126+0000] {cursor.py:1205} INFO - Number of results in first chunk: 1
[2026-02-16T15:58:17.127+0000] {logging_mixin.py:188} INFO - 2026-02-16 15:58:17 [info     ] duplicate_detected             accession=0000104169-26-000023 filing_type=8-K
[2026-02-16T15:58:17.128+0000] {logging_mixin.py:188} INFO - 2026-02-16 15:58:17 [info     ] deduplication_complete         duplicates=26 new_documents=0 total_documents=26
[2026-02-16T15:58:17.197+0000] {connection.py:718} INFO - closed
[2026-02-16T15:58:17.282+0000] {connection.py:724} INFO - No async queries seem to be running, deleting session
[2026-02-16T15:58:17.388+0000] {python.py:201} INFO - Done. Returned value was: 0
[2026-02-16T15:58:17.422+0000] {taskinstance.py:1138} INFO - Marking task as SUCCESS. dag_id=sec_edgar_pipeline, task_id=check_duplicates, execution_date=20260216T152831, start_date=20260216T155809, end_date=20260216T155817
[2026-02-16T15:58:17.508+0000] {local_task_job_runner.py:234} INFO - Task exited with return code 0
[2026-02-16T15:58:17.551+0000] {taskinstance.py:3280} INFO - 1 downstream tasks scheduled from follow-on schedule check
