[2026-02-16T15:11:20.660+0000] {taskinstance.py:1956} INFO - Dependencies all met for dep_context=non-requeueable deps ti=<TaskInstance: sec_edgar_pipeline.check_duplicates scheduled__2026-02-15T09:00:00+00:00 [queued]>
[2026-02-16T15:11:20.673+0000] {taskinstance.py:1956} INFO - Dependencies all met for dep_context=requeueable deps ti=<TaskInstance: sec_edgar_pipeline.check_duplicates scheduled__2026-02-15T09:00:00+00:00 [queued]>
[2026-02-16T15:11:20.674+0000] {taskinstance.py:2170} INFO - Starting attempt 1 of 4
[2026-02-16T15:11:20.720+0000] {taskinstance.py:2191} INFO - Executing <Task(PythonOperator): check_duplicates> on 2026-02-15 09:00:00+00:00
[2026-02-16T15:11:20.732+0000] {standard_task_runner.py:60} INFO - Started process 311 to run task
[2026-02-16T15:11:20.736+0000] {standard_task_runner.py:87} INFO - Running: ['***', 'tasks', 'run', 'sec_edgar_pipeline', 'check_duplicates', 'scheduled__2026-02-15T09:00:00+00:00', '--job-id', '59', '--raw', '--subdir', 'DAGS_FOLDER/sec_edgar_dag.py', '--cfg-path', '/tmp/tmpbqf8dqef']
[2026-02-16T15:11:20.739+0000] {standard_task_runner.py:88} INFO - Job 59: Subtask check_duplicates
[2026-02-16T15:11:20.805+0000] {task_command.py:423} INFO - Running <TaskInstance: sec_edgar_pipeline.check_duplicates scheduled__2026-02-15T09:00:00+00:00 [running]> on host ea18fbadf717
[2026-02-16T15:11:21.009+0000] {taskinstance.py:2480} INFO - Exporting env vars: AIRFLOW_CTX_DAG_OWNER='pe-orgair-team' AIRFLOW_CTX_DAG_ID='sec_edgar_pipeline' AIRFLOW_CTX_TASK_ID='check_duplicates' AIRFLOW_CTX_EXECUTION_DATE='2026-02-15T09:00:00+00:00' AIRFLOW_CTX_TRY_NUMBER='1' AIRFLOW_CTX_DAG_RUN_ID='scheduled__2026-02-15T09:00:00+00:00'
[2026-02-16T15:11:21.146+0000] {crypto.py:82} WARNING - empty cryptography key - values will not be stored encrypted.
[2026-02-16T15:11:21.147+0000] {base.py:83} INFO - Using connection ID 'snowflake_default' for task execution.
[2026-02-16T15:11:21.148+0000] {connection.py:370} INFO - Snowflake Connector for Python Version: 3.6.0, Python Version: 3.11.8, Platform: Linux-5.15.167.4-microsoft-standard-WSL2-x86_64-with-glibc2.36
[2026-02-16T15:11:21.150+0000] {connection.py:1171} INFO - This connection is in OCSP Fail Open Mode. TLS Certificates would be checked for validity and revocation status. Any other Certificate Revocation related exceptions or OCSP Responder failures would be disregarded in favor of connectivity.
[2026-02-16T15:11:23.286+0000] {cursor.py:1028} INFO - query: [SELECT id FROM PE_ORGAIR.PUBLIC.DOCUMENTS WHERE content_hash = '8452ff4108a01633...]
[2026-02-16T15:11:23.948+0000] {cursor.py:1041} INFO - query execution done
[2026-02-16T15:11:23.950+0000] {cursor.py:1205} INFO - Number of results in first chunk: 0
[2026-02-16T15:11:23.952+0000] {cursor.py:1028} INFO - query: [SELECT id FROM PE_ORGAIR.PUBLIC.DOCUMENTS WHERE content_hash = 'bd85384bd751643c...]
[2026-02-16T15:11:25.074+0000] {cursor.py:1041} INFO - query execution done
[2026-02-16T15:11:25.075+0000] {cursor.py:1205} INFO - Number of results in first chunk: 0
[2026-02-16T15:11:25.076+0000] {cursor.py:1028} INFO - query: [SELECT id FROM PE_ORGAIR.PUBLIC.DOCUMENTS WHERE content_hash = 'd53261ac2d3dca4f...]
[2026-02-16T15:11:25.187+0000] {cursor.py:1041} INFO - query execution done
[2026-02-16T15:11:25.189+0000] {cursor.py:1205} INFO - Number of results in first chunk: 0
[2026-02-16T15:11:25.190+0000] {cursor.py:1028} INFO - query: [SELECT id FROM PE_ORGAIR.PUBLIC.DOCUMENTS WHERE content_hash = '4444814addc18176...]
[2026-02-16T15:11:25.688+0000] {cursor.py:1041} INFO - query execution done
[2026-02-16T15:11:25.689+0000] {cursor.py:1205} INFO - Number of results in first chunk: 0
[2026-02-16T15:11:25.690+0000] {cursor.py:1028} INFO - query: [SELECT id FROM PE_ORGAIR.PUBLIC.DOCUMENTS WHERE content_hash = '03fbe20d852c9fde...]
[2026-02-16T15:11:25.807+0000] {cursor.py:1041} INFO - query execution done
[2026-02-16T15:11:25.809+0000] {cursor.py:1205} INFO - Number of results in first chunk: 1
[2026-02-16T15:11:25.811+0000] {logging_mixin.py:188} INFO - 2026-02-16 15:11:25 [info     ] duplicate_detected             accession=0000104169-24-000056 filing_type=10-K
[2026-02-16T15:11:25.812+0000] {cursor.py:1028} INFO - query: [SELECT id FROM PE_ORGAIR.PUBLIC.DOCUMENTS WHERE content_hash = '9a1f786e807820dd...]
[2026-02-16T15:11:25.997+0000] {cursor.py:1041} INFO - query execution done
[2026-02-16T15:11:25.998+0000] {cursor.py:1205} INFO - Number of results in first chunk: 1
[2026-02-16T15:11:25.999+0000] {logging_mixin.py:188} INFO - 2026-02-16 15:11:25 [info     ] duplicate_detected             accession=0000104169-25-000021 filing_type=10-K
[2026-02-16T15:11:26.000+0000] {cursor.py:1028} INFO - query: [SELECT id FROM PE_ORGAIR.PUBLIC.DOCUMENTS WHERE content_hash = 'e3b0c44298fc1c14...]
[2026-02-16T15:11:26.152+0000] {cursor.py:1041} INFO - query execution done
[2026-02-16T15:11:26.154+0000] {cursor.py:1205} INFO - Number of results in first chunk: 1
[2026-02-16T15:11:26.155+0000] {logging_mixin.py:188} INFO - 2026-02-16 15:11:26 [info     ] duplicate_detected             accession=0000104169-22-000083 filing_type=10-Q
[2026-02-16T15:11:26.156+0000] {cursor.py:1028} INFO - query: [SELECT id FROM PE_ORGAIR.PUBLIC.DOCUMENTS WHERE content_hash = 'e3b0c44298fc1c14...]
[2026-02-16T15:11:26.303+0000] {cursor.py:1041} INFO - query execution done
[2026-02-16T15:11:26.305+0000] {cursor.py:1205} INFO - Number of results in first chunk: 1
[2026-02-16T15:11:26.306+0000] {logging_mixin.py:188} INFO - 2026-02-16 15:11:26 [info     ] duplicate_detected             accession=0000104169-23-000052 filing_type=10-Q
[2026-02-16T15:11:26.307+0000] {cursor.py:1028} INFO - query: [SELECT id FROM PE_ORGAIR.PUBLIC.DOCUMENTS WHERE content_hash = 'e3b0c44298fc1c14...]
[2026-02-16T15:11:26.407+0000] {cursor.py:1041} INFO - query execution done
[2026-02-16T15:11:26.409+0000] {cursor.py:1205} INFO - Number of results in first chunk: 1
[2026-02-16T15:11:26.410+0000] {logging_mixin.py:188} INFO - 2026-02-16 15:11:26 [info     ] duplicate_detected             accession=0000104169-23-000097 filing_type=10-Q
[2026-02-16T15:11:26.411+0000] {cursor.py:1028} INFO - query: [SELECT id FROM PE_ORGAIR.PUBLIC.DOCUMENTS WHERE content_hash = 'e3b0c44298fc1c14...]
[2026-02-16T15:11:26.607+0000] {cursor.py:1041} INFO - query execution done
[2026-02-16T15:11:26.608+0000] {cursor.py:1205} INFO - Number of results in first chunk: 1
[2026-02-16T15:11:26.610+0000] {logging_mixin.py:188} INFO - 2026-02-16 15:11:26 [info     ] duplicate_detected             accession=0000104169-23-000132 filing_type=10-Q
[2026-02-16T15:11:26.611+0000] {cursor.py:1028} INFO - query: [SELECT id FROM PE_ORGAIR.PUBLIC.DOCUMENTS WHERE content_hash = 'e3b0c44298fc1c14...]
[2026-02-16T15:11:26.815+0000] {cursor.py:1041} INFO - query execution done
[2026-02-16T15:11:26.816+0000] {cursor.py:1205} INFO - Number of results in first chunk: 1
[2026-02-16T15:11:26.817+0000] {logging_mixin.py:188} INFO - 2026-02-16 15:11:26 [info     ] duplicate_detected             accession=0000104169-24-000105 filing_type=10-Q
[2026-02-16T15:11:26.818+0000] {cursor.py:1028} INFO - query: [SELECT id FROM PE_ORGAIR.PUBLIC.DOCUMENTS WHERE content_hash = 'e3b0c44298fc1c14...]
[2026-02-16T15:11:26.916+0000] {cursor.py:1041} INFO - query execution done
[2026-02-16T15:11:26.917+0000] {cursor.py:1205} INFO - Number of results in first chunk: 1
[2026-02-16T15:11:26.918+0000] {logging_mixin.py:188} INFO - 2026-02-16 15:11:26 [info     ] duplicate_detected             accession=0000104169-24-000141 filing_type=10-Q
[2026-02-16T15:11:26.919+0000] {cursor.py:1028} INFO - query: [SELECT id FROM PE_ORGAIR.PUBLIC.DOCUMENTS WHERE content_hash = 'e3b0c44298fc1c14...]
[2026-02-16T15:11:27.018+0000] {cursor.py:1041} INFO - query execution done
[2026-02-16T15:11:27.019+0000] {cursor.py:1205} INFO - Number of results in first chunk: 1
[2026-02-16T15:11:27.021+0000] {logging_mixin.py:188} INFO - 2026-02-16 15:11:27 [info     ] duplicate_detected             accession=0000104169-24-000178 filing_type=10-Q
[2026-02-16T15:11:27.022+0000] {cursor.py:1028} INFO - query: [SELECT id FROM PE_ORGAIR.PUBLIC.DOCUMENTS WHERE content_hash = '6b8cf24e511b8c6f...]
[2026-02-16T15:11:27.532+0000] {cursor.py:1041} INFO - query execution done
[2026-02-16T15:11:27.533+0000] {cursor.py:1205} INFO - Number of results in first chunk: 0
[2026-02-16T15:11:27.534+0000] {cursor.py:1028} INFO - query: [SELECT id FROM PE_ORGAIR.PUBLIC.DOCUMENTS WHERE content_hash = '4cf0475a5e2c923e...]
[2026-02-16T15:11:27.666+0000] {cursor.py:1041} INFO - query execution done
[2026-02-16T15:11:27.667+0000] {cursor.py:1205} INFO - Number of results in first chunk: 0
[2026-02-16T15:11:27.668+0000] {cursor.py:1028} INFO - query: [SELECT id FROM PE_ORGAIR.PUBLIC.DOCUMENTS WHERE content_hash = '5cbf8cffba4ecb93...]
[2026-02-16T15:11:27.838+0000] {cursor.py:1041} INFO - query execution done
[2026-02-16T15:11:27.839+0000] {cursor.py:1205} INFO - Number of results in first chunk: 1
[2026-02-16T15:11:27.841+0000] {logging_mixin.py:188} INFO - 2026-02-16 15:11:27 [info     ] duplicate_detected             accession=0000104169-25-000191 filing_type=10-Q
[2026-02-16T15:11:27.842+0000] {cursor.py:1028} INFO - query: [SELECT id FROM PE_ORGAIR.PUBLIC.DOCUMENTS WHERE content_hash = '5e6dbd71b00d35a3...]
[2026-02-16T15:11:28.008+0000] {cursor.py:1041} INFO - query execution done
[2026-02-16T15:11:28.009+0000] {cursor.py:1205} INFO - Number of results in first chunk: 0
[2026-02-16T15:11:28.011+0000] {cursor.py:1028} INFO - query: [SELECT id FROM PE_ORGAIR.PUBLIC.DOCUMENTS WHERE content_hash = '0e8e917b738e9ffe...]
[2026-02-16T15:11:28.128+0000] {cursor.py:1041} INFO - query execution done
[2026-02-16T15:11:28.129+0000] {cursor.py:1205} INFO - Number of results in first chunk: 0
[2026-02-16T15:11:28.130+0000] {cursor.py:1028} INFO - query: [SELECT id FROM PE_ORGAIR.PUBLIC.DOCUMENTS WHERE content_hash = '1566bf9076e67fe1...]
[2026-02-16T15:11:28.249+0000] {cursor.py:1041} INFO - query execution done
[2026-02-16T15:11:28.250+0000] {cursor.py:1205} INFO - Number of results in first chunk: 0
[2026-02-16T15:11:28.251+0000] {cursor.py:1028} INFO - query: [SELECT id FROM PE_ORGAIR.PUBLIC.DOCUMENTS WHERE content_hash = '97800d2c2f56a766...]
[2026-02-16T15:11:28.362+0000] {cursor.py:1041} INFO - query execution done
[2026-02-16T15:11:28.362+0000] {cursor.py:1205} INFO - Number of results in first chunk: 0
[2026-02-16T15:11:28.363+0000] {cursor.py:1028} INFO - query: [SELECT id FROM PE_ORGAIR.PUBLIC.DOCUMENTS WHERE content_hash = '1c5f35f8ce643cd2...]
[2026-02-16T15:11:28.537+0000] {cursor.py:1041} INFO - query execution done
[2026-02-16T15:11:28.537+0000] {cursor.py:1205} INFO - Number of results in first chunk: 0
[2026-02-16T15:11:28.538+0000] {cursor.py:1028} INFO - query: [SELECT id FROM PE_ORGAIR.PUBLIC.DOCUMENTS WHERE content_hash = '910d1c046531ff7b...]
[2026-02-16T15:11:28.657+0000] {cursor.py:1041} INFO - query execution done
[2026-02-16T15:11:28.658+0000] {cursor.py:1205} INFO - Number of results in first chunk: 0
[2026-02-16T15:11:28.659+0000] {cursor.py:1028} INFO - query: [SELECT id FROM PE_ORGAIR.PUBLIC.DOCUMENTS WHERE content_hash = 'd9e1f835300990ff...]
[2026-02-16T15:11:28.763+0000] {cursor.py:1041} INFO - query execution done
[2026-02-16T15:11:28.764+0000] {cursor.py:1205} INFO - Number of results in first chunk: 0
[2026-02-16T15:11:28.765+0000] {cursor.py:1028} INFO - query: [SELECT id FROM PE_ORGAIR.PUBLIC.DOCUMENTS WHERE content_hash = '6d4ffd3619275754...]
[2026-02-16T15:11:28.963+0000] {cursor.py:1041} INFO - query execution done
[2026-02-16T15:11:28.964+0000] {cursor.py:1205} INFO - Number of results in first chunk: 0
[2026-02-16T15:11:28.965+0000] {cursor.py:1028} INFO - query: [SELECT id FROM PE_ORGAIR.PUBLIC.DOCUMENTS WHERE content_hash = 'f42c320c261be4ff...]
[2026-02-16T15:11:29.171+0000] {cursor.py:1041} INFO - query execution done
[2026-02-16T15:11:29.173+0000] {cursor.py:1205} INFO - Number of results in first chunk: 0
[2026-02-16T15:11:29.174+0000] {cursor.py:1028} INFO - query: [SELECT id FROM PE_ORGAIR.PUBLIC.DOCUMENTS WHERE content_hash = '087b3129dd604e46...]
[2026-02-16T15:11:29.374+0000] {cursor.py:1041} INFO - query execution done
[2026-02-16T15:11:29.375+0000] {cursor.py:1205} INFO - Number of results in first chunk: 1
[2026-02-16T15:11:29.376+0000] {logging_mixin.py:188} INFO - 2026-02-16 15:11:29 [info     ] duplicate_detected             accession=0000104169-26-000023 filing_type=8-K
[2026-02-16T15:11:29.377+0000] {logging_mixin.py:188} INFO - 2026-02-16 15:11:29 [info     ] deduplication_complete         duplicates=11 new_documents=15 total_documents=26
[2026-02-16T15:11:29.716+0000] {connection.py:718} INFO - closed
[2026-02-16T15:11:29.782+0000] {connection.py:724} INFO - No async queries seem to be running, deleting session
[2026-02-16T15:11:29.885+0000] {python.py:201} INFO - Done. Returned value was: 15
[2026-02-16T15:11:29.962+0000] {taskinstance.py:1138} INFO - Marking task as SUCCESS. dag_id=sec_edgar_pipeline, task_id=check_duplicates, execution_date=20260215T090000, start_date=20260216T151120, end_date=20260216T151129
[2026-02-16T15:11:30.003+0000] {local_task_job_runner.py:234} INFO - Task exited with return code 0
[2026-02-16T15:11:30.035+0000] {taskinstance.py:3280} INFO - 1 downstream tasks scheduled from follow-on schedule check
[2026-02-16T15:21:03.483+0000] {taskinstance.py:1956} INFO - Dependencies all met for dep_context=non-requeueable deps ti=<TaskInstance: sec_edgar_pipeline.check_duplicates scheduled__2026-02-15T09:00:00+00:00 [queued]>
[2026-02-16T15:21:03.495+0000] {taskinstance.py:1956} INFO - Dependencies all met for dep_context=requeueable deps ti=<TaskInstance: sec_edgar_pipeline.check_duplicates scheduled__2026-02-15T09:00:00+00:00 [queued]>
[2026-02-16T15:21:03.496+0000] {taskinstance.py:2170} INFO - Starting attempt 1 of 4
[2026-02-16T15:21:03.519+0000] {taskinstance.py:2191} INFO - Executing <Task(PythonOperator): check_duplicates> on 2026-02-15 09:00:00+00:00
[2026-02-16T15:21:03.529+0000] {standard_task_runner.py:60} INFO - Started process 312 to run task
[2026-02-16T15:21:03.533+0000] {standard_task_runner.py:87} INFO - Running: ['***', 'tasks', 'run', 'sec_edgar_pipeline', 'check_duplicates', 'scheduled__2026-02-15T09:00:00+00:00', '--job-id', '67', '--raw', '--subdir', 'DAGS_FOLDER/sec_edgar_dag.py', '--cfg-path', '/tmp/tmp7yj60sa9']
[2026-02-16T15:21:03.537+0000] {standard_task_runner.py:88} INFO - Job 67: Subtask check_duplicates
[2026-02-16T15:21:03.608+0000] {task_command.py:423} INFO - Running <TaskInstance: sec_edgar_pipeline.check_duplicates scheduled__2026-02-15T09:00:00+00:00 [running]> on host ea18fbadf717
[2026-02-16T15:21:03.808+0000] {taskinstance.py:2480} INFO - Exporting env vars: AIRFLOW_CTX_DAG_OWNER='pe-orgair-team' AIRFLOW_CTX_DAG_ID='sec_edgar_pipeline' AIRFLOW_CTX_TASK_ID='check_duplicates' AIRFLOW_CTX_EXECUTION_DATE='2026-02-15T09:00:00+00:00' AIRFLOW_CTX_TRY_NUMBER='1' AIRFLOW_CTX_DAG_RUN_ID='scheduled__2026-02-15T09:00:00+00:00'
[2026-02-16T15:21:03.916+0000] {crypto.py:82} WARNING - empty cryptography key - values will not be stored encrypted.
[2026-02-16T15:21:03.918+0000] {base.py:83} INFO - Using connection ID 'snowflake_default' for task execution.
[2026-02-16T15:21:03.919+0000] {connection.py:370} INFO - Snowflake Connector for Python Version: 3.6.0, Python Version: 3.11.8, Platform: Linux-5.15.167.4-microsoft-standard-WSL2-x86_64-with-glibc2.36
[2026-02-16T15:21:03.921+0000] {connection.py:1171} INFO - This connection is in OCSP Fail Open Mode. TLS Certificates would be checked for validity and revocation status. Any other Certificate Revocation related exceptions or OCSP Responder failures would be disregarded in favor of connectivity.
[2026-02-16T15:21:05.625+0000] {cursor.py:1028} INFO - query: [SELECT id FROM PE_ORGAIR.PUBLIC.DOCUMENTS WHERE content_hash = '8452ff4108a01633...]
[2026-02-16T15:21:05.783+0000] {cursor.py:1041} INFO - query execution done
[2026-02-16T15:21:05.785+0000] {cursor.py:1205} INFO - Number of results in first chunk: 0
[2026-02-16T15:21:05.786+0000] {cursor.py:1028} INFO - query: [SELECT id FROM PE_ORGAIR.PUBLIC.DOCUMENTS WHERE content_hash = 'bd85384bd751643c...]
[2026-02-16T15:21:05.884+0000] {cursor.py:1041} INFO - query execution done
[2026-02-16T15:21:05.885+0000] {cursor.py:1205} INFO - Number of results in first chunk: 0
[2026-02-16T15:21:05.886+0000] {cursor.py:1028} INFO - query: [SELECT id FROM PE_ORGAIR.PUBLIC.DOCUMENTS WHERE content_hash = 'd53261ac2d3dca4f...]
[2026-02-16T15:21:05.993+0000] {cursor.py:1041} INFO - query execution done
[2026-02-16T15:21:05.994+0000] {cursor.py:1205} INFO - Number of results in first chunk: 0
[2026-02-16T15:21:05.995+0000] {cursor.py:1028} INFO - query: [SELECT id FROM PE_ORGAIR.PUBLIC.DOCUMENTS WHERE content_hash = '4444814addc18176...]
[2026-02-16T15:21:06.104+0000] {cursor.py:1041} INFO - query execution done
[2026-02-16T15:21:06.105+0000] {cursor.py:1205} INFO - Number of results in first chunk: 0
[2026-02-16T15:21:06.106+0000] {cursor.py:1028} INFO - query: [SELECT id FROM PE_ORGAIR.PUBLIC.DOCUMENTS WHERE content_hash = '03fbe20d852c9fde...]
[2026-02-16T15:21:06.601+0000] {cursor.py:1041} INFO - query execution done
[2026-02-16T15:21:06.602+0000] {cursor.py:1205} INFO - Number of results in first chunk: 1
[2026-02-16T15:21:06.604+0000] {logging_mixin.py:188} INFO - 2026-02-16 15:21:06 [info     ] duplicate_detected             accession=0000104169-24-000056 filing_type=10-K
[2026-02-16T15:21:06.605+0000] {cursor.py:1028} INFO - query: [SELECT id FROM PE_ORGAIR.PUBLIC.DOCUMENTS WHERE content_hash = '9a1f786e807820dd...]
[2026-02-16T15:21:06.704+0000] {cursor.py:1041} INFO - query execution done
[2026-02-16T15:21:06.705+0000] {cursor.py:1205} INFO - Number of results in first chunk: 1
[2026-02-16T15:21:06.707+0000] {logging_mixin.py:188} INFO - 2026-02-16 15:21:06 [info     ] duplicate_detected             accession=0000104169-25-000021 filing_type=10-K
[2026-02-16T15:21:06.707+0000] {cursor.py:1028} INFO - query: [SELECT id FROM PE_ORGAIR.PUBLIC.DOCUMENTS WHERE content_hash = 'e3b0c44298fc1c14...]
[2026-02-16T15:21:06.907+0000] {cursor.py:1041} INFO - query execution done
[2026-02-16T15:21:06.908+0000] {cursor.py:1205} INFO - Number of results in first chunk: 1
[2026-02-16T15:21:06.909+0000] {logging_mixin.py:188} INFO - 2026-02-16 15:21:06 [info     ] duplicate_detected             accession=0000104169-22-000083 filing_type=10-Q
[2026-02-16T15:21:06.910+0000] {cursor.py:1028} INFO - query: [SELECT id FROM PE_ORGAIR.PUBLIC.DOCUMENTS WHERE content_hash = 'e3b0c44298fc1c14...]
[2026-02-16T15:21:07.011+0000] {cursor.py:1041} INFO - query execution done
[2026-02-16T15:21:07.012+0000] {cursor.py:1205} INFO - Number of results in first chunk: 1
[2026-02-16T15:21:07.013+0000] {logging_mixin.py:188} INFO - 2026-02-16 15:21:07 [info     ] duplicate_detected             accession=0000104169-23-000052 filing_type=10-Q
[2026-02-16T15:21:07.014+0000] {cursor.py:1028} INFO - query: [SELECT id FROM PE_ORGAIR.PUBLIC.DOCUMENTS WHERE content_hash = 'e3b0c44298fc1c14...]
[2026-02-16T15:21:07.116+0000] {cursor.py:1041} INFO - query execution done
[2026-02-16T15:21:07.117+0000] {cursor.py:1205} INFO - Number of results in first chunk: 1
[2026-02-16T15:21:07.118+0000] {logging_mixin.py:188} INFO - 2026-02-16 15:21:07 [info     ] duplicate_detected             accession=0000104169-23-000097 filing_type=10-Q
[2026-02-16T15:21:07.119+0000] {cursor.py:1028} INFO - query: [SELECT id FROM PE_ORGAIR.PUBLIC.DOCUMENTS WHERE content_hash = 'e3b0c44298fc1c14...]
[2026-02-16T15:21:07.318+0000] {cursor.py:1041} INFO - query execution done
[2026-02-16T15:21:07.319+0000] {cursor.py:1205} INFO - Number of results in first chunk: 1
[2026-02-16T15:21:07.320+0000] {logging_mixin.py:188} INFO - 2026-02-16 15:21:07 [info     ] duplicate_detected             accession=0000104169-23-000132 filing_type=10-Q
[2026-02-16T15:21:07.321+0000] {cursor.py:1028} INFO - query: [SELECT id FROM PE_ORGAIR.PUBLIC.DOCUMENTS WHERE content_hash = 'e3b0c44298fc1c14...]
[2026-02-16T15:21:07.422+0000] {cursor.py:1041} INFO - query execution done
[2026-02-16T15:21:07.424+0000] {cursor.py:1205} INFO - Number of results in first chunk: 1
[2026-02-16T15:21:07.425+0000] {logging_mixin.py:188} INFO - 2026-02-16 15:21:07 [info     ] duplicate_detected             accession=0000104169-24-000105 filing_type=10-Q
[2026-02-16T15:21:07.425+0000] {cursor.py:1028} INFO - query: [SELECT id FROM PE_ORGAIR.PUBLIC.DOCUMENTS WHERE content_hash = 'e3b0c44298fc1c14...]
[2026-02-16T15:21:07.522+0000] {cursor.py:1041} INFO - query execution done
[2026-02-16T15:21:07.524+0000] {cursor.py:1205} INFO - Number of results in first chunk: 1
[2026-02-16T15:21:07.526+0000] {logging_mixin.py:188} INFO - 2026-02-16 15:21:07 [info     ] duplicate_detected             accession=0000104169-24-000141 filing_type=10-Q
[2026-02-16T15:21:07.527+0000] {cursor.py:1028} INFO - query: [SELECT id FROM PE_ORGAIR.PUBLIC.DOCUMENTS WHERE content_hash = 'e3b0c44298fc1c14...]
[2026-02-16T15:21:07.614+0000] {cursor.py:1041} INFO - query execution done
[2026-02-16T15:21:07.615+0000] {cursor.py:1205} INFO - Number of results in first chunk: 1
[2026-02-16T15:21:07.616+0000] {logging_mixin.py:188} INFO - 2026-02-16 15:21:07 [info     ] duplicate_detected             accession=0000104169-24-000178 filing_type=10-Q
[2026-02-16T15:21:07.617+0000] {cursor.py:1028} INFO - query: [SELECT id FROM PE_ORGAIR.PUBLIC.DOCUMENTS WHERE content_hash = '6b8cf24e511b8c6f...]
[2026-02-16T15:21:07.830+0000] {cursor.py:1041} INFO - query execution done
[2026-02-16T15:21:07.832+0000] {cursor.py:1205} INFO - Number of results in first chunk: 0
[2026-02-16T15:21:07.833+0000] {cursor.py:1028} INFO - query: [SELECT id FROM PE_ORGAIR.PUBLIC.DOCUMENTS WHERE content_hash = '4cf0475a5e2c923e...]
[2026-02-16T15:21:07.932+0000] {cursor.py:1041} INFO - query execution done
[2026-02-16T15:21:07.933+0000] {cursor.py:1205} INFO - Number of results in first chunk: 0
[2026-02-16T15:21:07.934+0000] {cursor.py:1028} INFO - query: [SELECT id FROM PE_ORGAIR.PUBLIC.DOCUMENTS WHERE content_hash = '5cbf8cffba4ecb93...]
[2026-02-16T15:21:08.034+0000] {cursor.py:1041} INFO - query execution done
[2026-02-16T15:21:08.035+0000] {cursor.py:1205} INFO - Number of results in first chunk: 1
[2026-02-16T15:21:08.036+0000] {logging_mixin.py:188} INFO - 2026-02-16 15:21:08 [info     ] duplicate_detected             accession=0000104169-25-000191 filing_type=10-Q
[2026-02-16T15:21:08.037+0000] {cursor.py:1028} INFO - query: [SELECT id FROM PE_ORGAIR.PUBLIC.DOCUMENTS WHERE content_hash = '5e6dbd71b00d35a3...]
[2026-02-16T15:21:08.137+0000] {cursor.py:1041} INFO - query execution done
[2026-02-16T15:21:08.138+0000] {cursor.py:1205} INFO - Number of results in first chunk: 0
[2026-02-16T15:21:08.139+0000] {cursor.py:1028} INFO - query: [SELECT id FROM PE_ORGAIR.PUBLIC.DOCUMENTS WHERE content_hash = '0e8e917b738e9ffe...]
[2026-02-16T15:21:08.343+0000] {cursor.py:1041} INFO - query execution done
[2026-02-16T15:21:08.344+0000] {cursor.py:1205} INFO - Number of results in first chunk: 0
[2026-02-16T15:21:08.345+0000] {cursor.py:1028} INFO - query: [SELECT id FROM PE_ORGAIR.PUBLIC.DOCUMENTS WHERE content_hash = '1566bf9076e67fe1...]
[2026-02-16T15:21:08.445+0000] {cursor.py:1041} INFO - query execution done
[2026-02-16T15:21:08.446+0000] {cursor.py:1205} INFO - Number of results in first chunk: 0
[2026-02-16T15:21:08.447+0000] {cursor.py:1028} INFO - query: [SELECT id FROM PE_ORGAIR.PUBLIC.DOCUMENTS WHERE content_hash = '97800d2c2f56a766...]
[2026-02-16T15:21:08.545+0000] {cursor.py:1041} INFO - query execution done
[2026-02-16T15:21:08.546+0000] {cursor.py:1205} INFO - Number of results in first chunk: 0
[2026-02-16T15:21:08.547+0000] {cursor.py:1028} INFO - query: [SELECT id FROM PE_ORGAIR.PUBLIC.DOCUMENTS WHERE content_hash = '1c5f35f8ce643cd2...]
[2026-02-16T15:21:08.649+0000] {cursor.py:1041} INFO - query execution done
[2026-02-16T15:21:08.650+0000] {cursor.py:1205} INFO - Number of results in first chunk: 0
[2026-02-16T15:21:08.650+0000] {cursor.py:1028} INFO - query: [SELECT id FROM PE_ORGAIR.PUBLIC.DOCUMENTS WHERE content_hash = '910d1c046531ff7b...]
[2026-02-16T15:21:08.854+0000] {cursor.py:1041} INFO - query execution done
[2026-02-16T15:21:08.855+0000] {cursor.py:1205} INFO - Number of results in first chunk: 0
[2026-02-16T15:21:08.856+0000] {cursor.py:1028} INFO - query: [SELECT id FROM PE_ORGAIR.PUBLIC.DOCUMENTS WHERE content_hash = 'd9e1f835300990ff...]
[2026-02-16T15:21:08.956+0000] {cursor.py:1041} INFO - query execution done
[2026-02-16T15:21:08.957+0000] {cursor.py:1205} INFO - Number of results in first chunk: 0
[2026-02-16T15:21:08.958+0000] {cursor.py:1028} INFO - query: [SELECT id FROM PE_ORGAIR.PUBLIC.DOCUMENTS WHERE content_hash = '6d4ffd3619275754...]
[2026-02-16T15:21:09.057+0000] {cursor.py:1041} INFO - query execution done
[2026-02-16T15:21:09.059+0000] {cursor.py:1205} INFO - Number of results in first chunk: 0
[2026-02-16T15:21:09.060+0000] {cursor.py:1028} INFO - query: [SELECT id FROM PE_ORGAIR.PUBLIC.DOCUMENTS WHERE content_hash = 'f42c320c261be4ff...]
[2026-02-16T15:21:09.159+0000] {cursor.py:1041} INFO - query execution done
[2026-02-16T15:21:09.160+0000] {cursor.py:1205} INFO - Number of results in first chunk: 0
[2026-02-16T15:21:09.161+0000] {cursor.py:1028} INFO - query: [SELECT id FROM PE_ORGAIR.PUBLIC.DOCUMENTS WHERE content_hash = '087b3129dd604e46...]
[2026-02-16T15:21:09.366+0000] {cursor.py:1041} INFO - query execution done
[2026-02-16T15:21:09.367+0000] {cursor.py:1205} INFO - Number of results in first chunk: 1
[2026-02-16T15:21:09.368+0000] {logging_mixin.py:188} INFO - 2026-02-16 15:21:09 [info     ] duplicate_detected             accession=0000104169-26-000023 filing_type=8-K
[2026-02-16T15:21:09.368+0000] {logging_mixin.py:188} INFO - 2026-02-16 15:21:09 [info     ] deduplication_complete         duplicates=11 new_documents=15 total_documents=26
[2026-02-16T15:21:09.672+0000] {connection.py:718} INFO - closed
[2026-02-16T15:21:09.877+0000] {connection.py:724} INFO - No async queries seem to be running, deleting session
[2026-02-16T15:21:09.981+0000] {python.py:201} INFO - Done. Returned value was: 15
[2026-02-16T15:21:10.011+0000] {taskinstance.py:1138} INFO - Marking task as SUCCESS. dag_id=sec_edgar_pipeline, task_id=check_duplicates, execution_date=20260215T090000, start_date=20260216T152103, end_date=20260216T152110
[2026-02-16T15:21:10.080+0000] {local_task_job_runner.py:234} INFO - Task exited with return code 0
[2026-02-16T15:21:10.112+0000] {taskinstance.py:3280} INFO - 1 downstream tasks scheduled from follow-on schedule check
[2026-02-16T15:30:27.077+0000] {taskinstance.py:1956} INFO - Dependencies all met for dep_context=non-requeueable deps ti=<TaskInstance: sec_edgar_pipeline.check_duplicates scheduled__2026-02-15T09:00:00+00:00 [queued]>
[2026-02-16T15:30:27.089+0000] {taskinstance.py:1956} INFO - Dependencies all met for dep_context=requeueable deps ti=<TaskInstance: sec_edgar_pipeline.check_duplicates scheduled__2026-02-15T09:00:00+00:00 [queued]>
[2026-02-16T15:30:27.089+0000] {taskinstance.py:2170} INFO - Starting attempt 1 of 4
[2026-02-16T15:30:27.159+0000] {taskinstance.py:2191} INFO - Executing <Task(PythonOperator): check_duplicates> on 2026-02-15 09:00:00+00:00
[2026-02-16T15:30:27.170+0000] {standard_task_runner.py:60} INFO - Started process 301 to run task
[2026-02-16T15:30:27.174+0000] {standard_task_runner.py:87} INFO - Running: ['***', 'tasks', 'run', 'sec_edgar_pipeline', 'check_duplicates', 'scheduled__2026-02-15T09:00:00+00:00', '--job-id', '75', '--raw', '--subdir', 'DAGS_FOLDER/sec_edgar_dag.py', '--cfg-path', '/tmp/tmp5bc4zifd']
[2026-02-16T15:30:27.178+0000] {standard_task_runner.py:88} INFO - Job 75: Subtask check_duplicates
[2026-02-16T15:30:27.241+0000] {task_command.py:423} INFO - Running <TaskInstance: sec_edgar_pipeline.check_duplicates scheduled__2026-02-15T09:00:00+00:00 [running]> on host ea18fbadf717
[2026-02-16T15:30:27.391+0000] {taskinstance.py:2480} INFO - Exporting env vars: AIRFLOW_CTX_DAG_OWNER='pe-orgair-team' AIRFLOW_CTX_DAG_ID='sec_edgar_pipeline' AIRFLOW_CTX_TASK_ID='check_duplicates' AIRFLOW_CTX_EXECUTION_DATE='2026-02-15T09:00:00+00:00' AIRFLOW_CTX_TRY_NUMBER='1' AIRFLOW_CTX_DAG_RUN_ID='scheduled__2026-02-15T09:00:00+00:00'
[2026-02-16T15:30:27.525+0000] {crypto.py:82} WARNING - empty cryptography key - values will not be stored encrypted.
[2026-02-16T15:30:27.527+0000] {base.py:83} INFO - Using connection ID 'snowflake_default' for task execution.
[2026-02-16T15:30:27.529+0000] {connection.py:370} INFO - Snowflake Connector for Python Version: 3.6.0, Python Version: 3.11.8, Platform: Linux-5.15.167.4-microsoft-standard-WSL2-x86_64-with-glibc2.36
[2026-02-16T15:30:27.530+0000] {connection.py:1171} INFO - This connection is in OCSP Fail Open Mode. TLS Certificates would be checked for validity and revocation status. Any other Certificate Revocation related exceptions or OCSP Responder failures would be disregarded in favor of connectivity.
[2026-02-16T15:30:29.056+0000] {cursor.py:1028} INFO - query: [SELECT id FROM PE_ORGAIR.PUBLIC.DOCUMENTS WHERE content_hash = '8452ff4108a01633...]
[2026-02-16T15:30:29.186+0000] {cursor.py:1041} INFO - query execution done
[2026-02-16T15:30:29.187+0000] {cursor.py:1205} INFO - Number of results in first chunk: 0
[2026-02-16T15:30:29.188+0000] {cursor.py:1028} INFO - query: [SELECT id FROM PE_ORGAIR.PUBLIC.DOCUMENTS WHERE content_hash = 'bd85384bd751643c...]
[2026-02-16T15:30:29.288+0000] {cursor.py:1041} INFO - query execution done
[2026-02-16T15:30:29.289+0000] {cursor.py:1205} INFO - Number of results in first chunk: 0
[2026-02-16T15:30:29.290+0000] {cursor.py:1028} INFO - query: [SELECT id FROM PE_ORGAIR.PUBLIC.DOCUMENTS WHERE content_hash = 'd53261ac2d3dca4f...]
[2026-02-16T15:30:29.393+0000] {cursor.py:1041} INFO - query execution done
[2026-02-16T15:30:29.395+0000] {cursor.py:1205} INFO - Number of results in first chunk: 0
[2026-02-16T15:30:29.396+0000] {cursor.py:1028} INFO - query: [SELECT id FROM PE_ORGAIR.PUBLIC.DOCUMENTS WHERE content_hash = '4444814addc18176...]
[2026-02-16T15:30:29.500+0000] {cursor.py:1041} INFO - query execution done
[2026-02-16T15:30:29.503+0000] {cursor.py:1205} INFO - Number of results in first chunk: 0
[2026-02-16T15:30:29.505+0000] {cursor.py:1028} INFO - query: [SELECT id FROM PE_ORGAIR.PUBLIC.DOCUMENTS WHERE content_hash = '03fbe20d852c9fde...]
[2026-02-16T15:30:29.606+0000] {cursor.py:1041} INFO - query execution done
[2026-02-16T15:30:29.607+0000] {cursor.py:1205} INFO - Number of results in first chunk: 1
[2026-02-16T15:30:29.608+0000] {logging_mixin.py:188} INFO - 2026-02-16 15:30:29 [info     ] duplicate_detected             accession=0000104169-24-000056 filing_type=10-K
[2026-02-16T15:30:29.609+0000] {cursor.py:1028} INFO - query: [SELECT id FROM PE_ORGAIR.PUBLIC.DOCUMENTS WHERE content_hash = '9a1f786e807820dd...]
[2026-02-16T15:30:29.696+0000] {cursor.py:1041} INFO - query execution done
[2026-02-16T15:30:29.697+0000] {cursor.py:1205} INFO - Number of results in first chunk: 1
[2026-02-16T15:30:29.698+0000] {logging_mixin.py:188} INFO - 2026-02-16 15:30:29 [info     ] duplicate_detected             accession=0000104169-25-000021 filing_type=10-K
[2026-02-16T15:30:29.698+0000] {cursor.py:1028} INFO - query: [SELECT id FROM PE_ORGAIR.PUBLIC.DOCUMENTS WHERE content_hash = 'e3b0c44298fc1c14...]
[2026-02-16T15:30:30.003+0000] {cursor.py:1041} INFO - query execution done
[2026-02-16T15:30:30.004+0000] {cursor.py:1205} INFO - Number of results in first chunk: 1
[2026-02-16T15:30:30.005+0000] {logging_mixin.py:188} INFO - 2026-02-16 15:30:30 [info     ] duplicate_detected             accession=0000104169-22-000083 filing_type=10-Q
[2026-02-16T15:30:30.006+0000] {cursor.py:1028} INFO - query: [SELECT id FROM PE_ORGAIR.PUBLIC.DOCUMENTS WHERE content_hash = 'e3b0c44298fc1c14...]
[2026-02-16T15:30:30.112+0000] {cursor.py:1041} INFO - query execution done
[2026-02-16T15:30:30.113+0000] {cursor.py:1205} INFO - Number of results in first chunk: 1
[2026-02-16T15:30:30.114+0000] {logging_mixin.py:188} INFO - 2026-02-16 15:30:30 [info     ] duplicate_detected             accession=0000104169-23-000052 filing_type=10-Q
[2026-02-16T15:30:30.114+0000] {cursor.py:1028} INFO - query: [SELECT id FROM PE_ORGAIR.PUBLIC.DOCUMENTS WHERE content_hash = 'e3b0c44298fc1c14...]
[2026-02-16T15:30:30.210+0000] {cursor.py:1041} INFO - query execution done
[2026-02-16T15:30:30.211+0000] {cursor.py:1205} INFO - Number of results in first chunk: 1
[2026-02-16T15:30:30.212+0000] {logging_mixin.py:188} INFO - 2026-02-16 15:30:30 [info     ] duplicate_detected             accession=0000104169-23-000097 filing_type=10-Q
[2026-02-16T15:30:30.212+0000] {cursor.py:1028} INFO - query: [SELECT id FROM PE_ORGAIR.PUBLIC.DOCUMENTS WHERE content_hash = 'e3b0c44298fc1c14...]
[2026-02-16T15:30:30.313+0000] {cursor.py:1041} INFO - query execution done
[2026-02-16T15:30:30.314+0000] {cursor.py:1205} INFO - Number of results in first chunk: 1
[2026-02-16T15:30:30.315+0000] {logging_mixin.py:188} INFO - 2026-02-16 15:30:30 [info     ] duplicate_detected             accession=0000104169-23-000132 filing_type=10-Q
[2026-02-16T15:30:30.315+0000] {cursor.py:1028} INFO - query: [SELECT id FROM PE_ORGAIR.PUBLIC.DOCUMENTS WHERE content_hash = 'e3b0c44298fc1c14...]
[2026-02-16T15:30:30.426+0000] {cursor.py:1041} INFO - query execution done
[2026-02-16T15:30:30.427+0000] {cursor.py:1205} INFO - Number of results in first chunk: 1
[2026-02-16T15:30:30.428+0000] {logging_mixin.py:188} INFO - 2026-02-16 15:30:30 [info     ] duplicate_detected             accession=0000104169-24-000105 filing_type=10-Q
[2026-02-16T15:30:30.429+0000] {cursor.py:1028} INFO - query: [SELECT id FROM PE_ORGAIR.PUBLIC.DOCUMENTS WHERE content_hash = 'e3b0c44298fc1c14...]
[2026-02-16T15:30:30.518+0000] {cursor.py:1041} INFO - query execution done
[2026-02-16T15:30:30.522+0000] {cursor.py:1205} INFO - Number of results in first chunk: 1
[2026-02-16T15:30:30.523+0000] {logging_mixin.py:188} INFO - 2026-02-16 15:30:30 [info     ] duplicate_detected             accession=0000104169-24-000141 filing_type=10-Q
[2026-02-16T15:30:30.524+0000] {cursor.py:1028} INFO - query: [SELECT id FROM PE_ORGAIR.PUBLIC.DOCUMENTS WHERE content_hash = 'e3b0c44298fc1c14...]
[2026-02-16T15:30:30.623+0000] {cursor.py:1041} INFO - query execution done
[2026-02-16T15:30:30.624+0000] {cursor.py:1205} INFO - Number of results in first chunk: 1
[2026-02-16T15:30:30.625+0000] {logging_mixin.py:188} INFO - 2026-02-16 15:30:30 [info     ] duplicate_detected             accession=0000104169-24-000178 filing_type=10-Q
[2026-02-16T15:30:30.626+0000] {cursor.py:1028} INFO - query: [SELECT id FROM PE_ORGAIR.PUBLIC.DOCUMENTS WHERE content_hash = '6b8cf24e511b8c6f...]
[2026-02-16T15:30:30.720+0000] {cursor.py:1041} INFO - query execution done
[2026-02-16T15:30:30.721+0000] {cursor.py:1205} INFO - Number of results in first chunk: 0
[2026-02-16T15:30:30.722+0000] {cursor.py:1028} INFO - query: [SELECT id FROM PE_ORGAIR.PUBLIC.DOCUMENTS WHERE content_hash = '4cf0475a5e2c923e...]
[2026-02-16T15:30:30.823+0000] {cursor.py:1041} INFO - query execution done
[2026-02-16T15:30:30.824+0000] {cursor.py:1205} INFO - Number of results in first chunk: 0
[2026-02-16T15:30:30.825+0000] {cursor.py:1028} INFO - query: [SELECT id FROM PE_ORGAIR.PUBLIC.DOCUMENTS WHERE content_hash = '5cbf8cffba4ecb93...]
[2026-02-16T15:30:30.925+0000] {cursor.py:1041} INFO - query execution done
[2026-02-16T15:30:30.926+0000] {cursor.py:1205} INFO - Number of results in first chunk: 1
[2026-02-16T15:30:30.927+0000] {logging_mixin.py:188} INFO - 2026-02-16 15:30:30 [info     ] duplicate_detected             accession=0000104169-25-000191 filing_type=10-Q
[2026-02-16T15:30:30.928+0000] {cursor.py:1028} INFO - query: [SELECT id FROM PE_ORGAIR.PUBLIC.DOCUMENTS WHERE content_hash = '5e6dbd71b00d35a3...]
[2026-02-16T15:30:31.030+0000] {cursor.py:1041} INFO - query execution done
[2026-02-16T15:30:31.031+0000] {cursor.py:1205} INFO - Number of results in first chunk: 0
[2026-02-16T15:30:31.032+0000] {cursor.py:1028} INFO - query: [SELECT id FROM PE_ORGAIR.PUBLIC.DOCUMENTS WHERE content_hash = '0e8e917b738e9ffe...]
[2026-02-16T15:30:31.134+0000] {cursor.py:1041} INFO - query execution done
[2026-02-16T15:30:31.136+0000] {cursor.py:1205} INFO - Number of results in first chunk: 0
[2026-02-16T15:30:31.137+0000] {cursor.py:1028} INFO - query: [SELECT id FROM PE_ORGAIR.PUBLIC.DOCUMENTS WHERE content_hash = '1566bf9076e67fe1...]
[2026-02-16T15:30:31.747+0000] {cursor.py:1041} INFO - query execution done
[2026-02-16T15:30:31.748+0000] {cursor.py:1205} INFO - Number of results in first chunk: 0
[2026-02-16T15:30:31.749+0000] {cursor.py:1028} INFO - query: [SELECT id FROM PE_ORGAIR.PUBLIC.DOCUMENTS WHERE content_hash = '97800d2c2f56a766...]
[2026-02-16T15:30:31.848+0000] {cursor.py:1041} INFO - query execution done
[2026-02-16T15:30:31.849+0000] {cursor.py:1205} INFO - Number of results in first chunk: 0
[2026-02-16T15:30:31.849+0000] {cursor.py:1028} INFO - query: [SELECT id FROM PE_ORGAIR.PUBLIC.DOCUMENTS WHERE content_hash = '1c5f35f8ce643cd2...]
[2026-02-16T15:30:31.952+0000] {cursor.py:1041} INFO - query execution done
[2026-02-16T15:30:31.953+0000] {cursor.py:1205} INFO - Number of results in first chunk: 0
[2026-02-16T15:30:31.954+0000] {cursor.py:1028} INFO - query: [SELECT id FROM PE_ORGAIR.PUBLIC.DOCUMENTS WHERE content_hash = '910d1c046531ff7b...]
[2026-02-16T15:30:32.103+0000] {cursor.py:1041} INFO - query execution done
[2026-02-16T15:30:32.105+0000] {cursor.py:1205} INFO - Number of results in first chunk: 0
[2026-02-16T15:30:32.105+0000] {cursor.py:1028} INFO - query: [SELECT id FROM PE_ORGAIR.PUBLIC.DOCUMENTS WHERE content_hash = 'd9e1f835300990ff...]
[2026-02-16T15:30:32.259+0000] {cursor.py:1041} INFO - query execution done
[2026-02-16T15:30:32.261+0000] {cursor.py:1205} INFO - Number of results in first chunk: 0
[2026-02-16T15:30:32.262+0000] {cursor.py:1028} INFO - query: [SELECT id FROM PE_ORGAIR.PUBLIC.DOCUMENTS WHERE content_hash = '6d4ffd3619275754...]
[2026-02-16T15:30:32.363+0000] {cursor.py:1041} INFO - query execution done
[2026-02-16T15:30:32.364+0000] {cursor.py:1205} INFO - Number of results in first chunk: 0
[2026-02-16T15:30:32.365+0000] {cursor.py:1028} INFO - query: [SELECT id FROM PE_ORGAIR.PUBLIC.DOCUMENTS WHERE content_hash = 'f42c320c261be4ff...]
[2026-02-16T15:30:32.462+0000] {cursor.py:1041} INFO - query execution done
[2026-02-16T15:30:32.463+0000] {cursor.py:1205} INFO - Number of results in first chunk: 0
[2026-02-16T15:30:32.464+0000] {cursor.py:1028} INFO - query: [SELECT id FROM PE_ORGAIR.PUBLIC.DOCUMENTS WHERE content_hash = '087b3129dd604e46...]
[2026-02-16T15:30:32.565+0000] {cursor.py:1041} INFO - query execution done
[2026-02-16T15:30:32.566+0000] {cursor.py:1205} INFO - Number of results in first chunk: 1
[2026-02-16T15:30:32.567+0000] {logging_mixin.py:188} INFO - 2026-02-16 15:30:32 [info     ] duplicate_detected             accession=0000104169-26-000023 filing_type=8-K
[2026-02-16T15:30:32.568+0000] {logging_mixin.py:188} INFO - 2026-02-16 15:30:32 [info     ] deduplication_complete         duplicates=11 new_documents=15 total_documents=26
[2026-02-16T15:30:32.889+0000] {connection.py:718} INFO - closed
[2026-02-16T15:30:32.975+0000] {connection.py:724} INFO - No async queries seem to be running, deleting session
[2026-02-16T15:30:33.047+0000] {python.py:201} INFO - Done. Returned value was: 15
[2026-02-16T15:30:33.113+0000] {taskinstance.py:1138} INFO - Marking task as SUCCESS. dag_id=sec_edgar_pipeline, task_id=check_duplicates, execution_date=20260215T090000, start_date=20260216T153027, end_date=20260216T153033
[2026-02-16T15:30:33.177+0000] {local_task_job_runner.py:234} INFO - Task exited with return code 0
[2026-02-16T15:30:33.214+0000] {taskinstance.py:3280} INFO - 1 downstream tasks scheduled from follow-on schedule check
