2026-02-05 02:48:52,894 - INFO - JobSpy:Linkedin - finished scraping
Traceback (most recent call last):
  File "C:\Users\siddh\Documents\My_Projects\BigData\CaseStudy1\BigDataIA-Sat-Spring26-Team-2\scripts\collect_evidence.py", line 716, in <module>
    asyncio.run(main(tickers, signal_types))
  File "C:\Users\siddh\anaconda3\Lib\asyncio\runners.py", line 194, in run
    return runner.run(main)
           ^^^^^^^^^^^^^^^^
  File "C:\Users\siddh\anaconda3\Lib\asyncio\runners.py", line 118, in run
    return self._loop.run_until_complete(task)
           ^^^^^^^^^^^^^^^^^^^^^^^^^^^^^^^^^^^
  File "C:\Users\siddh\anaconda3\Lib\asyncio\base_events.py", line 687, in run_until_complete
    return future.result()
           ^^^^^^^^^^^^^^^
  File "C:\Users\siddh\Documents\My_Projects\BigData\CaseStudy1\BigDataIA-Sat-Spring26-Team-2\scripts\collect_evidence.py", line 657, in main
    print(f"  \u2705 Collected: {stats['job_signals']['collected']}")
  File "C:\Users\siddh\anaconda3\Lib\encodings\cp1252.py", line 19, in encode
    return codecs.charmap_encode(input,self.errors,encoding_table)[0]
           ^^^^^^^^^^^^^^^^^^^^^^^^^^^^^^^^^^^^^^^^^^^^^^^^^^^^^^^
UnicodeEncodeError: 'charmap' codec can't encode character '\u2705' in position 2: character maps to <undefined>
2026-02-05 03:04:00,634 - INFO - JobSpy:Linkedin - finished scraping
