[2026-02-16T19:29:54.625+0000] {taskinstance.py:1956} INFO - Dependencies all met for dep_context=non-requeueable deps ti=<TaskInstance: sec_edgar_pipeline.load_to_snowflake scheduled__2026-02-15T09:00:00+00:00 [queued]>
[2026-02-16T19:29:54.637+0000] {taskinstance.py:1956} INFO - Dependencies all met for dep_context=requeueable deps ti=<TaskInstance: sec_edgar_pipeline.load_to_snowflake scheduled__2026-02-15T09:00:00+00:00 [queued]>
[2026-02-16T19:29:54.638+0000] {taskinstance.py:2170} INFO - Starting attempt 1 of 4
[2026-02-16T19:29:54.708+0000] {taskinstance.py:2191} INFO - Executing <Task(PythonOperator): load_to_snowflake> on 2026-02-15 09:00:00+00:00
[2026-02-16T19:29:54.717+0000] {standard_task_runner.py:60} INFO - Started process 396 to run task
[2026-02-16T19:29:54.721+0000] {standard_task_runner.py:87} INFO - Running: ['***', 'tasks', 'run', 'sec_edgar_pipeline', 'load_to_snowflake', 'scheduled__2026-02-15T09:00:00+00:00', '--job-id', '92', '--raw', '--subdir', 'DAGS_FOLDER/sec_edgar_dag.py', '--cfg-path', '/tmp/tmpe5gwhegj']
[2026-02-16T19:29:54.724+0000] {standard_task_runner.py:88} INFO - Job 92: Subtask load_to_snowflake
[2026-02-16T19:29:54.786+0000] {task_command.py:423} INFO - Running <TaskInstance: sec_edgar_pipeline.load_to_snowflake scheduled__2026-02-15T09:00:00+00:00 [running]> on host 55bb2bcfc3f4
[2026-02-16T19:29:54.935+0000] {taskinstance.py:2480} INFO - Exporting env vars: AIRFLOW_CTX_DAG_OWNER='pe-orgair-team' AIRFLOW_CTX_DAG_ID='sec_edgar_pipeline' AIRFLOW_CTX_TASK_ID='load_to_snowflake' AIRFLOW_CTX_EXECUTION_DATE='2026-02-15T09:00:00+00:00' AIRFLOW_CTX_TRY_NUMBER='1' AIRFLOW_CTX_DAG_RUN_ID='scheduled__2026-02-15T09:00:00+00:00'
[2026-02-16T19:29:54.962+0000] {crypto.py:82} WARNING - empty cryptography key - values will not be stored encrypted.
[2026-02-16T19:29:54.964+0000] {base.py:83} INFO - Using connection ID 'snowflake_default' for task execution.
[2026-02-16T19:29:54.966+0000] {connection.py:370} INFO - Snowflake Connector for Python Version: 3.6.0, Python Version: 3.11.8, Platform: Linux-5.15.167.4-microsoft-standard-WSL2-x86_64-with-glibc2.36
[2026-02-16T19:29:54.967+0000] {connection.py:1171} INFO - This connection is in OCSP Fail Open Mode. TLS Certificates would be checked for validity and revocation status. Any other Certificate Revocation related exceptions or OCSP Responder failures would be disregarded in favor of connectivity.
[2026-02-16T19:29:56.650+0000] {cursor.py:1028} INFO - query: [COMMIT]
[2026-02-16T19:29:56.836+0000] {cursor.py:1041} INFO - query execution done
[2026-02-16T19:29:56.837+0000] {cursor.py:1205} INFO - Number of results in first chunk: 1
[2026-02-16T19:29:56.839+0000] {logging_mixin.py:188} INFO - 2026-02-16 19:29:56 [info     ] snowflake_load_complete        chunks_inserted=0 documents_inserted=0 ticker=WMT
[2026-02-16T19:29:56.909+0000] {connection.py:718} INFO - closed
[2026-02-16T19:29:56.979+0000] {connection.py:724} INFO - No async queries seem to be running, deleting session
[2026-02-16T19:29:57.143+0000] {python.py:201} INFO - Done. Returned value was: 0
[2026-02-16T19:29:57.225+0000] {taskinstance.py:1138} INFO - Marking task as SUCCESS. dag_id=sec_edgar_pipeline, task_id=load_to_snowflake, execution_date=20260215T090000, start_date=20260216T192954, end_date=20260216T192957
[2026-02-16T19:29:57.277+0000] {local_task_job_runner.py:234} INFO - Task exited with return code 0
[2026-02-16T19:29:57.311+0000] {taskinstance.py:3280} INFO - 1 downstream tasks scheduled from follow-on schedule check
[2026-02-16T19:59:27.750+0000] {taskinstance.py:1956} INFO - Dependencies all met for dep_context=non-requeueable deps ti=<TaskInstance: sec_edgar_pipeline.load_to_snowflake scheduled__2026-02-15T09:00:00+00:00 [queued]>
[2026-02-16T19:59:27.762+0000] {taskinstance.py:1956} INFO - Dependencies all met for dep_context=requeueable deps ti=<TaskInstance: sec_edgar_pipeline.load_to_snowflake scheduled__2026-02-15T09:00:00+00:00 [queued]>
[2026-02-16T19:59:27.763+0000] {taskinstance.py:2170} INFO - Starting attempt 1 of 4
[2026-02-16T19:59:27.820+0000] {taskinstance.py:2191} INFO - Executing <Task(PythonOperator): load_to_snowflake> on 2026-02-15 09:00:00+00:00
[2026-02-16T19:59:27.832+0000] {standard_task_runner.py:60} INFO - Started process 650 to run task
[2026-02-16T19:59:27.836+0000] {standard_task_runner.py:87} INFO - Running: ['***', 'tasks', 'run', 'sec_edgar_pipeline', 'load_to_snowflake', 'scheduled__2026-02-15T09:00:00+00:00', '--job-id', '107', '--raw', '--subdir', 'DAGS_FOLDER/sec_edgar_dag.py', '--cfg-path', '/tmp/tmp1kc4fsni']
[2026-02-16T19:59:27.840+0000] {standard_task_runner.py:88} INFO - Job 107: Subtask load_to_snowflake
[2026-02-16T19:59:27.905+0000] {task_command.py:423} INFO - Running <TaskInstance: sec_edgar_pipeline.load_to_snowflake scheduled__2026-02-15T09:00:00+00:00 [running]> on host 55bb2bcfc3f4
[2026-02-16T19:59:28.106+0000] {taskinstance.py:2480} INFO - Exporting env vars: AIRFLOW_CTX_DAG_OWNER='pe-orgair-team' AIRFLOW_CTX_DAG_ID='sec_edgar_pipeline' AIRFLOW_CTX_TASK_ID='load_to_snowflake' AIRFLOW_CTX_EXECUTION_DATE='2026-02-15T09:00:00+00:00' AIRFLOW_CTX_TRY_NUMBER='1' AIRFLOW_CTX_DAG_RUN_ID='scheduled__2026-02-15T09:00:00+00:00'
[2026-02-16T19:59:28.351+0000] {crypto.py:82} WARNING - empty cryptography key - values will not be stored encrypted.
[2026-02-16T19:59:28.354+0000] {base.py:83} INFO - Using connection ID 'snowflake_default' for task execution.
[2026-02-16T19:59:28.358+0000] {connection.py:370} INFO - Snowflake Connector for Python Version: 3.6.0, Python Version: 3.11.8, Platform: Linux-5.15.167.4-microsoft-standard-WSL2-x86_64-with-glibc2.36
[2026-02-16T19:59:28.360+0000] {connection.py:1171} INFO - This connection is in OCSP Fail Open Mode. TLS Certificates would be checked for validity and revocation status. Any other Certificate Revocation related exceptions or OCSP Responder failures would be disregarded in favor of connectivity.
[2026-02-16T19:59:30.407+0000] {cursor.py:1028} INFO - query: [INSERT INTO PE_ORGAIR.PUBLIC.DOCUMENTS ( id, company_id, ticker, filing_type, ac...]
[2026-02-16T19:59:30.910+0000] {cursor.py:1041} INFO - query execution done
[2026-02-16T19:59:30.912+0000] {cursor.py:1028} INFO - query: [SELECT id FROM PE_ORGAIR.PUBLIC.DOCUMENT_CHUNKS WHERE content_hash = 'd30d0abf50...]
[2026-02-16T19:59:31.624+0000] {cursor.py:1041} INFO - query execution done
[2026-02-16T19:59:31.625+0000] {cursor.py:1205} INFO - Number of results in first chunk: 0
[2026-02-16T19:59:31.628+0000] {cursor.py:1028} INFO - query: [INSERT INTO PE_ORGAIR.PUBLIC.DOCUMENT_CHUNKS ( id, document_id, chunk_index, chu...]
[2026-02-16T19:59:32.136+0000] {cursor.py:1041} INFO - query execution done
[2026-02-16T19:59:32.137+0000] {cursor.py:1028} INFO - query: [SELECT id FROM PE_ORGAIR.PUBLIC.DOCUMENT_CHUNKS WHERE content_hash = '72cf5a7fd4...]
[2026-02-16T19:59:32.339+0000] {cursor.py:1041} INFO - query execution done
[2026-02-16T19:59:32.341+0000] {cursor.py:1205} INFO - Number of results in first chunk: 0
[2026-02-16T19:59:32.346+0000] {cursor.py:1028} INFO - query: [INSERT INTO PE_ORGAIR.PUBLIC.DOCUMENT_CHUNKS ( id, document_id, chunk_index, chu...]
[2026-02-16T19:59:33.263+0000] {cursor.py:1041} INFO - query execution done
[2026-02-16T19:59:33.267+0000] {cursor.py:1028} INFO - query: [SELECT id FROM PE_ORGAIR.PUBLIC.DOCUMENT_CHUNKS WHERE content_hash = 'bc02a909e4...]
[2026-02-16T19:59:33.471+0000] {cursor.py:1041} INFO - query execution done
[2026-02-16T19:59:33.472+0000] {cursor.py:1205} INFO - Number of results in first chunk: 0
[2026-02-16T19:59:33.473+0000] {cursor.py:1028} INFO - query: [INSERT INTO PE_ORGAIR.PUBLIC.DOCUMENT_CHUNKS ( id, document_id, chunk_index, chu...]
[2026-02-16T19:59:33.980+0000] {cursor.py:1041} INFO - query execution done
[2026-02-16T19:59:33.982+0000] {cursor.py:1028} INFO - query: [SELECT id FROM PE_ORGAIR.PUBLIC.DOCUMENT_CHUNKS WHERE content_hash = '165d94bb35...]
[2026-02-16T19:59:34.184+0000] {cursor.py:1041} INFO - query execution done
[2026-02-16T19:59:34.185+0000] {cursor.py:1205} INFO - Number of results in first chunk: 0
[2026-02-16T19:59:34.192+0000] {cursor.py:1028} INFO - query: [INSERT INTO PE_ORGAIR.PUBLIC.DOCUMENT_CHUNKS ( id, document_id, chunk_index, chu...]
[2026-02-16T19:59:35.106+0000] {cursor.py:1041} INFO - query execution done
[2026-02-16T19:59:35.112+0000] {cursor.py:1028} INFO - query: [INSERT INTO PE_ORGAIR.PUBLIC.DOCUMENTS ( id, company_id, ticker, filing_type, ac...]
[2026-02-16T19:59:35.516+0000] {cursor.py:1041} INFO - query execution done
[2026-02-16T19:59:35.518+0000] {cursor.py:1028} INFO - query: [SELECT id FROM PE_ORGAIR.PUBLIC.DOCUMENT_CHUNKS WHERE content_hash = 'd52b455654...]
[2026-02-16T19:59:35.720+0000] {cursor.py:1041} INFO - query execution done
[2026-02-16T19:59:35.721+0000] {cursor.py:1205} INFO - Number of results in first chunk: 0
[2026-02-16T19:59:35.723+0000] {cursor.py:1028} INFO - query: [INSERT INTO PE_ORGAIR.PUBLIC.DOCUMENT_CHUNKS ( id, document_id, chunk_index, chu...]
[2026-02-16T19:59:36.233+0000] {cursor.py:1041} INFO - query execution done
[2026-02-16T19:59:36.234+0000] {cursor.py:1028} INFO - query: [SELECT id FROM PE_ORGAIR.PUBLIC.DOCUMENT_CHUNKS WHERE content_hash = '942989c62a...]
[2026-02-16T19:59:36.438+0000] {cursor.py:1041} INFO - query execution done
[2026-02-16T19:59:36.439+0000] {cursor.py:1205} INFO - Number of results in first chunk: 0
[2026-02-16T19:59:36.444+0000] {cursor.py:1028} INFO - query: [INSERT INTO PE_ORGAIR.PUBLIC.DOCUMENT_CHUNKS ( id, document_id, chunk_index, chu...]
[2026-02-16T19:59:36.950+0000] {cursor.py:1041} INFO - query execution done
[2026-02-16T19:59:36.954+0000] {cursor.py:1028} INFO - query: [SELECT id FROM PE_ORGAIR.PUBLIC.DOCUMENT_CHUNKS WHERE content_hash = '8e4239c97a...]
[2026-02-16T19:59:37.153+0000] {cursor.py:1041} INFO - query execution done
[2026-02-16T19:59:37.154+0000] {cursor.py:1205} INFO - Number of results in first chunk: 0
[2026-02-16T19:59:37.155+0000] {cursor.py:1028} INFO - query: [INSERT INTO PE_ORGAIR.PUBLIC.DOCUMENT_CHUNKS ( id, document_id, chunk_index, chu...]
[2026-02-16T19:59:37.563+0000] {cursor.py:1041} INFO - query execution done
[2026-02-16T19:59:37.565+0000] {cursor.py:1028} INFO - query: [SELECT id FROM PE_ORGAIR.PUBLIC.DOCUMENT_CHUNKS WHERE content_hash = '19c689b8d5...]
[2026-02-16T19:59:37.870+0000] {cursor.py:1041} INFO - query execution done
[2026-02-16T19:59:37.871+0000] {cursor.py:1205} INFO - Number of results in first chunk: 0
[2026-02-16T19:59:37.879+0000] {cursor.py:1028} INFO - query: [INSERT INTO PE_ORGAIR.PUBLIC.DOCUMENT_CHUNKS ( id, document_id, chunk_index, chu...]
[2026-02-16T19:59:38.488+0000] {cursor.py:1041} INFO - query execution done
[2026-02-16T19:59:38.493+0000] {cursor.py:1028} INFO - query: [INSERT INTO PE_ORGAIR.PUBLIC.DOCUMENTS ( id, company_id, ticker, filing_type, ac...]
[2026-02-16T19:59:38.866+0000] {cursor.py:1041} INFO - query execution done
[2026-02-16T19:59:38.867+0000] {cursor.py:1028} INFO - query: [SELECT id FROM PE_ORGAIR.PUBLIC.DOCUMENT_CHUNKS WHERE content_hash = '8c54c84744...]
[2026-02-16T19:59:39.102+0000] {cursor.py:1041} INFO - query execution done
[2026-02-16T19:59:39.109+0000] {cursor.py:1205} INFO - Number of results in first chunk: 0
[2026-02-16T19:59:39.111+0000] {cursor.py:1028} INFO - query: [INSERT INTO PE_ORGAIR.PUBLIC.DOCUMENT_CHUNKS ( id, document_id, chunk_index, chu...]
[2026-02-16T19:59:39.714+0000] {cursor.py:1041} INFO - query execution done
[2026-02-16T19:59:39.716+0000] {cursor.py:1028} INFO - query: [SELECT id FROM PE_ORGAIR.PUBLIC.DOCUMENT_CHUNKS WHERE content_hash = 'a9e75f5eb6...]
[2026-02-16T19:59:39.919+0000] {cursor.py:1041} INFO - query execution done
[2026-02-16T19:59:39.920+0000] {cursor.py:1205} INFO - Number of results in first chunk: 0
[2026-02-16T19:59:39.925+0000] {cursor.py:1028} INFO - query: [INSERT INTO PE_ORGAIR.PUBLIC.DOCUMENT_CHUNKS ( id, document_id, chunk_index, chu...]
[2026-02-16T19:59:40.535+0000] {cursor.py:1041} INFO - query execution done
[2026-02-16T19:59:40.538+0000] {cursor.py:1028} INFO - query: [SELECT id FROM PE_ORGAIR.PUBLIC.DOCUMENT_CHUNKS WHERE content_hash = 'daba43ce1c...]
[2026-02-16T19:59:40.739+0000] {cursor.py:1041} INFO - query execution done
[2026-02-16T19:59:40.739+0000] {cursor.py:1205} INFO - Number of results in first chunk: 0
[2026-02-16T19:59:40.740+0000] {cursor.py:1028} INFO - query: [INSERT INTO PE_ORGAIR.PUBLIC.DOCUMENT_CHUNKS ( id, document_id, chunk_index, chu...]
[2026-02-16T19:59:41.252+0000] {cursor.py:1041} INFO - query execution done
[2026-02-16T19:59:41.254+0000] {cursor.py:1028} INFO - query: [SELECT id FROM PE_ORGAIR.PUBLIC.DOCUMENT_CHUNKS WHERE content_hash = 'fdf67342b2...]
[2026-02-16T19:59:41.456+0000] {cursor.py:1041} INFO - query execution done
[2026-02-16T19:59:41.457+0000] {cursor.py:1205} INFO - Number of results in first chunk: 0
[2026-02-16T19:59:41.466+0000] {cursor.py:1028} INFO - query: [INSERT INTO PE_ORGAIR.PUBLIC.DOCUMENT_CHUNKS ( id, document_id, chunk_index, chu...]
[2026-02-16T19:59:42.068+0000] {cursor.py:1041} INFO - query execution done
[2026-02-16T19:59:42.073+0000] {cursor.py:1028} INFO - query: [INSERT INTO PE_ORGAIR.PUBLIC.DOCUMENTS ( id, company_id, ticker, filing_type, ac...]
[2026-02-16T19:59:42.499+0000] {cursor.py:1041} INFO - query execution done
[2026-02-16T19:59:42.500+0000] {cursor.py:1028} INFO - query: [SELECT id FROM PE_ORGAIR.PUBLIC.DOCUMENT_CHUNKS WHERE content_hash = 'fbd391d272...]
[2026-02-16T19:59:42.692+0000] {cursor.py:1041} INFO - query execution done
[2026-02-16T19:59:42.710+0000] {cursor.py:1205} INFO - Number of results in first chunk: 0
[2026-02-16T19:59:42.712+0000] {cursor.py:1028} INFO - query: [INSERT INTO PE_ORGAIR.PUBLIC.DOCUMENT_CHUNKS ( id, document_id, chunk_index, chu...]
[2026-02-16T19:59:43.197+0000] {cursor.py:1041} INFO - query execution done
[2026-02-16T19:59:43.199+0000] {cursor.py:1028} INFO - query: [SELECT id FROM PE_ORGAIR.PUBLIC.DOCUMENT_CHUNKS WHERE content_hash = '087fc34916...]
[2026-02-16T19:59:43.406+0000] {cursor.py:1041} INFO - query execution done
[2026-02-16T19:59:43.407+0000] {cursor.py:1205} INFO - Number of results in first chunk: 0
[2026-02-16T19:59:43.411+0000] {cursor.py:1028} INFO - query: [INSERT INTO PE_ORGAIR.PUBLIC.DOCUMENT_CHUNKS ( id, document_id, chunk_index, chu...]
[2026-02-16T19:59:44.025+0000] {cursor.py:1041} INFO - query execution done
[2026-02-16T19:59:44.028+0000] {cursor.py:1028} INFO - query: [SELECT id FROM PE_ORGAIR.PUBLIC.DOCUMENT_CHUNKS WHERE content_hash = 'b1e58964c0...]
[2026-02-16T19:59:44.324+0000] {cursor.py:1041} INFO - query execution done
[2026-02-16T19:59:44.325+0000] {cursor.py:1205} INFO - Number of results in first chunk: 0
[2026-02-16T19:59:44.326+0000] {cursor.py:1028} INFO - query: [INSERT INTO PE_ORGAIR.PUBLIC.DOCUMENT_CHUNKS ( id, document_id, chunk_index, chu...]
[2026-02-16T19:59:44.835+0000] {cursor.py:1041} INFO - query execution done
[2026-02-16T19:59:44.837+0000] {cursor.py:1028} INFO - query: [SELECT id FROM PE_ORGAIR.PUBLIC.DOCUMENT_CHUNKS WHERE content_hash = '52cb78c79f...]
[2026-02-16T19:59:45.450+0000] {cursor.py:1041} INFO - query execution done
[2026-02-16T19:59:45.451+0000] {cursor.py:1205} INFO - Number of results in first chunk: 0
[2026-02-16T19:59:45.462+0000] {cursor.py:1028} INFO - query: [INSERT INTO PE_ORGAIR.PUBLIC.DOCUMENT_CHUNKS ( id, document_id, chunk_index, chu...]
[2026-02-16T19:59:46.052+0000] {cursor.py:1041} INFO - query execution done
[2026-02-16T19:59:46.058+0000] {cursor.py:1028} INFO - query: [INSERT INTO PE_ORGAIR.PUBLIC.DOCUMENTS ( id, company_id, ticker, filing_type, ac...]
[2026-02-16T19:59:46.472+0000] {cursor.py:1041} INFO - query execution done
[2026-02-16T19:59:46.474+0000] {cursor.py:1028} INFO - query: [SELECT id FROM PE_ORGAIR.PUBLIC.DOCUMENT_CHUNKS WHERE content_hash = '30f22c7088...]
[2026-02-16T19:59:46.678+0000] {cursor.py:1041} INFO - query execution done
[2026-02-16T19:59:46.679+0000] {cursor.py:1205} INFO - Number of results in first chunk: 0
[2026-02-16T19:59:46.682+0000] {cursor.py:1028} INFO - query: [INSERT INTO PE_ORGAIR.PUBLIC.DOCUMENT_CHUNKS ( id, document_id, chunk_index, chu...]
[2026-02-16T19:59:47.191+0000] {cursor.py:1041} INFO - query execution done
[2026-02-16T19:59:47.193+0000] {cursor.py:1028} INFO - query: [SELECT id FROM PE_ORGAIR.PUBLIC.DOCUMENT_CHUNKS WHERE content_hash = '03e67ff184...]
[2026-02-16T19:59:47.367+0000] {cursor.py:1041} INFO - query execution done
[2026-02-16T19:59:47.368+0000] {cursor.py:1205} INFO - Number of results in first chunk: 0
[2026-02-16T19:59:47.372+0000] {cursor.py:1028} INFO - query: [INSERT INTO PE_ORGAIR.PUBLIC.DOCUMENT_CHUNKS ( id, document_id, chunk_index, chu...]
[2026-02-16T19:59:48.016+0000] {cursor.py:1041} INFO - query execution done
[2026-02-16T19:59:48.018+0000] {cursor.py:1028} INFO - query: [SELECT id FROM PE_ORGAIR.PUBLIC.DOCUMENT_CHUNKS WHERE content_hash = 'bc566cc675...]
[2026-02-16T19:59:48.212+0000] {cursor.py:1041} INFO - query execution done
[2026-02-16T19:59:48.212+0000] {cursor.py:1205} INFO - Number of results in first chunk: 0
[2026-02-16T19:59:48.214+0000] {cursor.py:1028} INFO - query: [INSERT INTO PE_ORGAIR.PUBLIC.DOCUMENT_CHUNKS ( id, document_id, chunk_index, chu...]
[2026-02-16T19:59:48.636+0000] {cursor.py:1041} INFO - query execution done
[2026-02-16T19:59:48.656+0000] {cursor.py:1028} INFO - query: [SELECT id FROM PE_ORGAIR.PUBLIC.DOCUMENT_CHUNKS WHERE content_hash = 'f3e4409753...]
[2026-02-16T19:59:48.837+0000] {cursor.py:1041} INFO - query execution done
[2026-02-16T19:59:48.838+0000] {cursor.py:1205} INFO - Number of results in first chunk: 0
[2026-02-16T19:59:48.885+0000] {cursor.py:1028} INFO - query: [INSERT INTO PE_ORGAIR.PUBLIC.DOCUMENT_CHUNKS ( id, document_id, chunk_index, chu...]
[2026-02-16T19:59:50.160+0000] {cursor.py:1041} INFO - query execution done
[2026-02-16T19:59:50.185+0000] {cursor.py:1028} INFO - query: [SELECT id FROM PE_ORGAIR.PUBLIC.DOCUMENT_CHUNKS WHERE content_hash = '4435bfddf2...]
[2026-02-16T19:59:50.365+0000] {cursor.py:1041} INFO - query execution done
[2026-02-16T19:59:50.366+0000] {cursor.py:1205} INFO - Number of results in first chunk: 0
[2026-02-16T19:59:50.374+0000] {cursor.py:1028} INFO - query: [INSERT INTO PE_ORGAIR.PUBLIC.DOCUMENT_CHUNKS ( id, document_id, chunk_index, chu...]
[2026-02-16T19:59:50.979+0000] {cursor.py:1041} INFO - query execution done
[2026-02-16T19:59:50.985+0000] {cursor.py:1028} INFO - query: [INSERT INTO PE_ORGAIR.PUBLIC.DOCUMENTS ( id, company_id, ticker, filing_type, ac...]
[2026-02-16T19:59:51.388+0000] {cursor.py:1041} INFO - query execution done
[2026-02-16T19:59:51.390+0000] {cursor.py:1028} INFO - query: [SELECT id FROM PE_ORGAIR.PUBLIC.DOCUMENT_CHUNKS WHERE content_hash = '1114ebc3fa...]
[2026-02-16T19:59:51.601+0000] {cursor.py:1041} INFO - query execution done
[2026-02-16T19:59:51.602+0000] {cursor.py:1205} INFO - Number of results in first chunk: 0
[2026-02-16T19:59:51.609+0000] {cursor.py:1028} INFO - query: [INSERT INTO PE_ORGAIR.PUBLIC.DOCUMENT_CHUNKS ( id, document_id, chunk_index, chu...]
[2026-02-16T19:59:52.209+0000] {cursor.py:1041} INFO - query execution done
[2026-02-16T19:59:52.214+0000] {cursor.py:1028} INFO - query: [INSERT INTO PE_ORGAIR.PUBLIC.DOCUMENTS ( id, company_id, ticker, filing_type, ac...]
[2026-02-16T19:59:52.720+0000] {cursor.py:1041} INFO - query execution done
[2026-02-16T19:59:52.736+0000] {cursor.py:1028} INFO - query: [SELECT id FROM PE_ORGAIR.PUBLIC.DOCUMENT_CHUNKS WHERE content_hash = '7f92e16fab...]
[2026-02-16T19:59:52.924+0000] {cursor.py:1041} INFO - query execution done
[2026-02-16T19:59:52.926+0000] {cursor.py:1205} INFO - Number of results in first chunk: 0
[2026-02-16T19:59:52.941+0000] {cursor.py:1028} INFO - query: [INSERT INTO PE_ORGAIR.PUBLIC.DOCUMENT_CHUNKS ( id, document_id, chunk_index, chu...]
[2026-02-16T19:59:53.646+0000] {cursor.py:1041} INFO - query execution done
[2026-02-16T19:59:53.661+0000] {cursor.py:1028} INFO - query: [SELECT id FROM PE_ORGAIR.PUBLIC.DOCUMENT_CHUNKS WHERE content_hash = 'e12407fb4f...]
[2026-02-16T19:59:53.846+0000] {cursor.py:1041} INFO - query execution done
[2026-02-16T19:59:53.847+0000] {cursor.py:1205} INFO - Number of results in first chunk: 0
[2026-02-16T19:59:53.854+0000] {cursor.py:1028} INFO - query: [INSERT INTO PE_ORGAIR.PUBLIC.DOCUMENT_CHUNKS ( id, document_id, chunk_index, chu...]
[2026-02-16T19:59:54.461+0000] {cursor.py:1041} INFO - query execution done
[2026-02-16T19:59:54.466+0000] {cursor.py:1028} INFO - query: [INSERT INTO PE_ORGAIR.PUBLIC.DOCUMENTS ( id, company_id, ticker, filing_type, ac...]
[2026-02-16T19:59:54.976+0000] {cursor.py:1041} INFO - query execution done
[2026-02-16T19:59:54.978+0000] {cursor.py:1028} INFO - query: [SELECT id FROM PE_ORGAIR.PUBLIC.DOCUMENT_CHUNKS WHERE content_hash = 'd9c401347b...]
[2026-02-16T19:59:55.178+0000] {cursor.py:1041} INFO - query execution done
[2026-02-16T19:59:55.179+0000] {cursor.py:1205} INFO - Number of results in first chunk: 0
[2026-02-16T19:59:55.198+0000] {cursor.py:1028} INFO - query: [INSERT INTO PE_ORGAIR.PUBLIC.DOCUMENT_CHUNKS ( id, document_id, chunk_index, chu...]
[2026-02-16T19:59:55.947+0000] {cursor.py:1041} INFO - query execution done
[2026-02-16T19:59:55.960+0000] {cursor.py:1028} INFO - query: [SELECT id FROM PE_ORGAIR.PUBLIC.DOCUMENT_CHUNKS WHERE content_hash = 'fcc63cbd55...]
[2026-02-16T19:59:56.201+0000] {cursor.py:1041} INFO - query execution done
[2026-02-16T19:59:56.202+0000] {cursor.py:1205} INFO - Number of results in first chunk: 0
[2026-02-16T19:59:56.208+0000] {cursor.py:1028} INFO - query: [INSERT INTO PE_ORGAIR.PUBLIC.DOCUMENT_CHUNKS ( id, document_id, chunk_index, chu...]
[2026-02-16T19:59:56.816+0000] {cursor.py:1041} INFO - query execution done
[2026-02-16T19:59:56.828+0000] {cursor.py:1028} INFO - query: [INSERT INTO PE_ORGAIR.PUBLIC.DOCUMENTS ( id, company_id, ticker, filing_type, ac...]
[2026-02-16T19:59:57.287+0000] {cursor.py:1041} INFO - query execution done
[2026-02-16T19:59:57.290+0000] {cursor.py:1028} INFO - query: [SELECT id FROM PE_ORGAIR.PUBLIC.DOCUMENT_CHUNKS WHERE content_hash = 'd76a1f157e...]
[2026-02-16T19:59:57.532+0000] {cursor.py:1041} INFO - query execution done
[2026-02-16T19:59:57.533+0000] {cursor.py:1205} INFO - Number of results in first chunk: 0
[2026-02-16T19:59:57.556+0000] {cursor.py:1028} INFO - query: [INSERT INTO PE_ORGAIR.PUBLIC.DOCUMENT_CHUNKS ( id, document_id, chunk_index, chu...]
[2026-02-16T19:59:58.352+0000] {cursor.py:1041} INFO - query execution done
[2026-02-16T19:59:58.363+0000] {cursor.py:1028} INFO - query: [SELECT id FROM PE_ORGAIR.PUBLIC.DOCUMENT_CHUNKS WHERE content_hash = '91a5cbe05f...]
[2026-02-16T19:59:58.556+0000] {cursor.py:1041} INFO - query execution done
[2026-02-16T19:59:58.557+0000] {cursor.py:1205} INFO - Number of results in first chunk: 0
[2026-02-16T19:59:58.563+0000] {cursor.py:1028} INFO - query: [INSERT INTO PE_ORGAIR.PUBLIC.DOCUMENT_CHUNKS ( id, document_id, chunk_index, chu...]
[2026-02-16T19:59:59.171+0000] {cursor.py:1041} INFO - query execution done
[2026-02-16T19:59:59.175+0000] {cursor.py:1028} INFO - query: [INSERT INTO PE_ORGAIR.PUBLIC.DOCUMENTS ( id, company_id, ticker, filing_type, ac...]
[2026-02-16T19:59:59.590+0000] {cursor.py:1041} INFO - query execution done
[2026-02-16T19:59:59.592+0000] {cursor.py:1028} INFO - query: [SELECT id FROM PE_ORGAIR.PUBLIC.DOCUMENT_CHUNKS WHERE content_hash = 'f9dbb1a3be...]
[2026-02-16T19:59:59.885+0000] {cursor.py:1041} INFO - query execution done
[2026-02-16T19:59:59.887+0000] {cursor.py:1205} INFO - Number of results in first chunk: 0
[2026-02-16T19:59:59.894+0000] {cursor.py:1028} INFO - query: [INSERT INTO PE_ORGAIR.PUBLIC.DOCUMENT_CHUNKS ( id, document_id, chunk_index, chu...]
[2026-02-16T20:00:00.606+0000] {cursor.py:1041} INFO - query execution done
[2026-02-16T20:00:00.611+0000] {cursor.py:1028} INFO - query: [INSERT INTO PE_ORGAIR.PUBLIC.DOCUMENTS ( id, company_id, ticker, filing_type, ac...]
[2026-02-16T20:00:01.219+0000] {cursor.py:1041} INFO - query execution done
[2026-02-16T20:00:01.220+0000] {cursor.py:1028} INFO - query: [SELECT id FROM PE_ORGAIR.PUBLIC.DOCUMENT_CHUNKS WHERE content_hash = 'c923f06010...]
[2026-02-16T20:00:01.506+0000] {cursor.py:1041} INFO - query execution done
[2026-02-16T20:00:01.728+0000] {cursor.py:1205} INFO - Number of results in first chunk: 0
[2026-02-16T20:00:01.739+0000] {cursor.py:1028} INFO - query: [INSERT INTO PE_ORGAIR.PUBLIC.DOCUMENT_CHUNKS ( id, document_id, chunk_index, chu...]
[2026-02-16T20:00:03.469+0000] {cursor.py:1041} INFO - query execution done
[2026-02-16T20:00:03.474+0000] {cursor.py:1028} INFO - query: [INSERT INTO PE_ORGAIR.PUBLIC.DOCUMENTS ( id, company_id, ticker, filing_type, ac...]
[2026-02-16T20:00:05.008+0000] {cursor.py:1041} INFO - query execution done
[2026-02-16T20:00:05.009+0000] {cursor.py:1028} INFO - query: [SELECT id FROM PE_ORGAIR.PUBLIC.DOCUMENT_CHUNKS WHERE content_hash = '112416f532...]
[2026-02-16T20:00:05.518+0000] {cursor.py:1041} INFO - query execution done
[2026-02-16T20:00:05.519+0000] {cursor.py:1205} INFO - Number of results in first chunk: 0
[2026-02-16T20:00:05.527+0000] {cursor.py:1028} INFO - query: [INSERT INTO PE_ORGAIR.PUBLIC.DOCUMENT_CHUNKS ( id, document_id, chunk_index, chu...]
[2026-02-16T20:00:06.235+0000] {cursor.py:1041} INFO - query execution done
[2026-02-16T20:00:06.240+0000] {cursor.py:1028} INFO - query: [INSERT INTO PE_ORGAIR.PUBLIC.DOCUMENTS ( id, company_id, ticker, filing_type, ac...]
[2026-02-16T20:00:07.977+0000] {cursor.py:1041} INFO - query execution done
[2026-02-16T20:00:07.979+0000] {cursor.py:1028} INFO - query: [SELECT id FROM PE_ORGAIR.PUBLIC.DOCUMENT_CHUNKS WHERE content_hash = '284389cc85...]
[2026-02-16T20:00:08.285+0000] {cursor.py:1041} INFO - query execution done
[2026-02-16T20:00:08.286+0000] {cursor.py:1205} INFO - Number of results in first chunk: 0
[2026-02-16T20:00:08.293+0000] {cursor.py:1028} INFO - query: [INSERT INTO PE_ORGAIR.PUBLIC.DOCUMENT_CHUNKS ( id, document_id, chunk_index, chu...]
[2026-02-16T20:00:09.816+0000] {cursor.py:1041} INFO - query execution done
[2026-02-16T20:00:09.822+0000] {cursor.py:1028} INFO - query: [INSERT INTO PE_ORGAIR.PUBLIC.DOCUMENTS ( id, company_id, ticker, filing_type, ac...]
[2026-02-16T20:00:10.332+0000] {cursor.py:1041} INFO - query execution done
[2026-02-16T20:00:10.334+0000] {cursor.py:1028} INFO - query: [SELECT id FROM PE_ORGAIR.PUBLIC.DOCUMENT_CHUNKS WHERE content_hash = 'ae07190643...]
[2026-02-16T20:00:10.845+0000] {cursor.py:1041} INFO - query execution done
[2026-02-16T20:00:10.847+0000] {cursor.py:1205} INFO - Number of results in first chunk: 0
[2026-02-16T20:00:10.856+0000] {cursor.py:1028} INFO - query: [INSERT INTO PE_ORGAIR.PUBLIC.DOCUMENT_CHUNKS ( id, document_id, chunk_index, chu...]
[2026-02-16T20:00:11.468+0000] {cursor.py:1041} INFO - query execution done
[2026-02-16T20:00:11.474+0000] {cursor.py:1028} INFO - query: [INSERT INTO PE_ORGAIR.PUBLIC.DOCUMENTS ( id, company_id, ticker, filing_type, ac...]
[2026-02-16T20:00:12.381+0000] {cursor.py:1041} INFO - query execution done
[2026-02-16T20:00:12.383+0000] {cursor.py:1028} INFO - query: [INSERT INTO PE_ORGAIR.PUBLIC.DOCUMENTS ( id, company_id, ticker, filing_type, ac...]
[2026-02-16T20:00:12.995+0000] {cursor.py:1041} INFO - query execution done
[2026-02-16T20:00:12.996+0000] {cursor.py:1028} INFO - query: [INSERT INTO PE_ORGAIR.PUBLIC.DOCUMENTS ( id, company_id, ticker, filing_type, ac...]
[2026-02-16T20:00:13.507+0000] {cursor.py:1041} INFO - query execution done
[2026-02-16T20:00:13.508+0000] {cursor.py:1028} INFO - query: [INSERT INTO PE_ORGAIR.PUBLIC.DOCUMENTS ( id, company_id, ticker, filing_type, ac...]
[2026-02-16T20:00:13.917+0000] {cursor.py:1041} INFO - query execution done
[2026-02-16T20:00:13.918+0000] {cursor.py:1028} INFO - query: [SELECT id FROM PE_ORGAIR.PUBLIC.DOCUMENT_CHUNKS WHERE content_hash = '1639b6e2e8...]
[2026-02-16T20:00:14.122+0000] {cursor.py:1041} INFO - query execution done
[2026-02-16T20:00:14.126+0000] {cursor.py:1205} INFO - Number of results in first chunk: 0
[2026-02-16T20:00:14.129+0000] {cursor.py:1028} INFO - query: [INSERT INTO PE_ORGAIR.PUBLIC.DOCUMENT_CHUNKS ( id, document_id, chunk_index, chu...]
[2026-02-16T20:00:14.838+0000] {cursor.py:1041} INFO - query execution done
[2026-02-16T20:00:14.840+0000] {cursor.py:1028} INFO - query: [INSERT INTO PE_ORGAIR.PUBLIC.DOCUMENTS ( id, company_id, ticker, filing_type, ac...]
[2026-02-16T20:00:15.248+0000] {cursor.py:1041} INFO - query execution done
[2026-02-16T20:00:15.250+0000] {cursor.py:1028} INFO - query: [SELECT id FROM PE_ORGAIR.PUBLIC.DOCUMENT_CHUNKS WHERE content_hash = '624b098f28...]
[2026-02-16T20:00:15.556+0000] {cursor.py:1041} INFO - query execution done
[2026-02-16T20:00:15.558+0000] {cursor.py:1205} INFO - Number of results in first chunk: 0
[2026-02-16T20:00:15.561+0000] {cursor.py:1028} INFO - query: [INSERT INTO PE_ORGAIR.PUBLIC.DOCUMENT_CHUNKS ( id, document_id, chunk_index, chu...]
[2026-02-16T20:00:16.045+0000] {cursor.py:1041} INFO - query execution done
[2026-02-16T20:00:16.048+0000] {cursor.py:1028} INFO - query: [INSERT INTO PE_ORGAIR.PUBLIC.DOCUMENTS ( id, company_id, ticker, filing_type, ac...]
[2026-02-16T20:00:16.615+0000] {cursor.py:1041} INFO - query execution done
[2026-02-16T20:00:16.618+0000] {cursor.py:1028} INFO - query: [INSERT INTO PE_ORGAIR.PUBLIC.DOCUMENTS ( id, company_id, ticker, filing_type, ac...]
[2026-02-16T20:00:17.296+0000] {cursor.py:1041} INFO - query execution done
[2026-02-16T20:00:17.297+0000] {cursor.py:1028} INFO - query: [INSERT INTO PE_ORGAIR.PUBLIC.DOCUMENTS ( id, company_id, ticker, filing_type, ac...]
[2026-02-16T20:00:19.398+0000] {cursor.py:1041} INFO - query execution done
[2026-02-16T20:00:19.404+0000] {cursor.py:1028} INFO - query: [INSERT INTO PE_ORGAIR.PUBLIC.DOCUMENTS ( id, company_id, ticker, filing_type, ac...]
[2026-02-16T20:00:19.767+0000] {cursor.py:1041} INFO - query execution done
[2026-02-16T20:00:19.790+0000] {cursor.py:1028} INFO - query: [COMMIT]
[2026-02-16T20:00:19.956+0000] {cursor.py:1041} INFO - query execution done
[2026-02-16T20:00:19.958+0000] {cursor.py:1205} INFO - Number of results in first chunk: 1
[2026-02-16T20:00:19.959+0000] {logging_mixin.py:188} INFO - 2026-02-16 20:00:19 [info     ] snowflake_load_complete        chunks_inserted=35 documents_inserted=23 ticker=JPM
[2026-02-16T20:00:19.983+0000] {connection.py:718} INFO - closed
[2026-02-16T20:00:20.104+0000] {connection.py:724} INFO - No async queries seem to be running, deleting session
[2026-02-16T20:00:20.268+0000] {python.py:201} INFO - Done. Returned value was: 23
[2026-02-16T20:00:20.307+0000] {taskinstance.py:1138} INFO - Marking task as SUCCESS. dag_id=sec_edgar_pipeline, task_id=load_to_snowflake, execution_date=20260215T090000, start_date=20260216T195927, end_date=20260216T200020
[2026-02-16T20:00:20.382+0000] {local_task_job_runner.py:234} INFO - Task exited with return code 0
[2026-02-16T20:00:20.422+0000] {taskinstance.py:3280} INFO - 1 downstream tasks scheduled from follow-on schedule check
