[2026-02-16T15:16:53.852+0000] {taskinstance.py:1956} INFO - Dependencies all met for dep_context=non-requeueable deps ti=<TaskInstance: sec_edgar_pipeline.load_to_snowflake scheduled__2026-02-15T09:00:00+00:00 [queued]>
[2026-02-16T15:16:53.871+0000] {taskinstance.py:1956} INFO - Dependencies all met for dep_context=requeueable deps ti=<TaskInstance: sec_edgar_pipeline.load_to_snowflake scheduled__2026-02-15T09:00:00+00:00 [queued]>
[2026-02-16T15:16:53.873+0000] {taskinstance.py:2170} INFO - Starting attempt 2 of 4
[2026-02-16T15:16:53.950+0000] {taskinstance.py:2191} INFO - Executing <Task(PythonOperator): load_to_snowflake> on 2026-02-15 09:00:00+00:00
[2026-02-16T15:16:53.961+0000] {standard_task_runner.py:60} INFO - Started process 555 to run task
[2026-02-16T15:16:53.965+0000] {standard_task_runner.py:87} INFO - Running: ['***', 'tasks', 'run', 'sec_edgar_pipeline', 'load_to_snowflake', 'scheduled__2026-02-15T09:00:00+00:00', '--job-id', '62', '--raw', '--subdir', 'DAGS_FOLDER/sec_edgar_dag.py', '--cfg-path', '/tmp/tmp_d6k5tdi']
[2026-02-16T15:16:53.970+0000] {standard_task_runner.py:88} INFO - Job 62: Subtask load_to_snowflake
[2026-02-16T15:16:54.048+0000] {task_command.py:423} INFO - Running <TaskInstance: sec_edgar_pipeline.load_to_snowflake scheduled__2026-02-15T09:00:00+00:00 [running]> on host ea18fbadf717
[2026-02-16T15:16:54.262+0000] {taskinstance.py:2480} INFO - Exporting env vars: AIRFLOW_CTX_DAG_OWNER='pe-orgair-team' AIRFLOW_CTX_DAG_ID='sec_edgar_pipeline' AIRFLOW_CTX_TASK_ID='load_to_snowflake' AIRFLOW_CTX_EXECUTION_DATE='2026-02-15T09:00:00+00:00' AIRFLOW_CTX_TRY_NUMBER='2' AIRFLOW_CTX_DAG_RUN_ID='scheduled__2026-02-15T09:00:00+00:00'
[2026-02-16T15:16:54.371+0000] {crypto.py:82} WARNING - empty cryptography key - values will not be stored encrypted.
[2026-02-16T15:16:54.373+0000] {base.py:83} INFO - Using connection ID 'snowflake_default' for task execution.
[2026-02-16T15:16:54.374+0000] {connection.py:370} INFO - Snowflake Connector for Python Version: 3.6.0, Python Version: 3.11.8, Platform: Linux-5.15.167.4-microsoft-standard-WSL2-x86_64-with-glibc2.36
[2026-02-16T15:16:54.376+0000] {connection.py:1171} INFO - This connection is in OCSP Fail Open Mode. TLS Certificates would be checked for validity and revocation status. Any other Certificate Revocation related exceptions or OCSP Responder failures would be disregarded in favor of connectivity.
[2026-02-16T15:16:55.836+0000] {cursor.py:1028} INFO - query: [INSERT INTO PE_ORGAIR.PUBLIC.DOCUMENTS ( id, company_id, ticker, filing_type, ac...]
[2026-02-16T15:16:56.029+0000] {cursor.py:1041} INFO - query execution done
[2026-02-16T15:16:56.042+0000] {cursor.py:1028} INFO - query: [ROLLBACK]
[2026-02-16T15:16:56.232+0000] {cursor.py:1041} INFO - query execution done
[2026-02-16T15:16:56.234+0000] {cursor.py:1205} INFO - Number of results in first chunk: 1
[2026-02-16T15:16:56.235+0000] {logging_mixin.py:188} INFO - 2026-02-16 15:16:56 [error    ] snowflake_load_failed          error="000904 (42000): 01c27414-3203-bf2d-0007-1d660013d132: SQL compilation error: error line 3 at position 47\ninvalid identifier 'S3_KEY'"
[2026-02-16T15:16:56.236+0000] {connection.py:718} INFO - closed
[2026-02-16T15:16:56.303+0000] {connection.py:724} INFO - No async queries seem to be running, deleting session
[2026-02-16T15:16:56.540+0000] {taskinstance.py:2698} ERROR - Task failed with exception
Traceback (most recent call last):
  File "/home/airflow/.local/lib/python3.11/site-packages/airflow/models/taskinstance.py", line 428, in _execute_task
    result = execute_callable(context=context, **execute_callable_kwargs)
             ^^^^^^^^^^^^^^^^^^^^^^^^^^^^^^^^^^^^^^^^^^^^^^^^^^^^^^^^^^^^
  File "/home/airflow/.local/lib/python3.11/site-packages/airflow/operators/python.py", line 199, in execute
    return_value = self.execute_callable()
                   ^^^^^^^^^^^^^^^^^^^^^^^
  File "/home/airflow/.local/lib/python3.11/site-packages/airflow/operators/python.py", line 216, in execute_callable
    return self.python_callable(*self.op_args, **self.op_kwargs)
           ^^^^^^^^^^^^^^^^^^^^^^^^^^^^^^^^^^^^^^^^^^^^^^^^^^^^^
  File "/opt/airflow/dags/sec_edgar_dag.py", line 391, in load_to_snowflake
    cur.execute("""
  File "/home/airflow/.local/lib/python3.11/site-packages/snowflake/connector/cursor.py", line 1132, in execute
    Error.errorhandler_wrapper(self.connection, self, error_class, errvalue)
  File "/home/airflow/.local/lib/python3.11/site-packages/snowflake/connector/errors.py", line 290, in errorhandler_wrapper
    handed_over = Error.hand_to_other_handler(
                  ^^^^^^^^^^^^^^^^^^^^^^^^^^^^
  File "/home/airflow/.local/lib/python3.11/site-packages/snowflake/connector/errors.py", line 345, in hand_to_other_handler
    cursor.errorhandler(connection, cursor, error_class, error_value)
  File "/home/airflow/.local/lib/python3.11/site-packages/snowflake/connector/errors.py", line 221, in default_errorhandler
    raise error_class(
snowflake.connector.errors.ProgrammingError: 000904 (42000): 01c27414-3203-bf2d-0007-1d660013d132: SQL compilation error: error line 3 at position 47
invalid identifier 'S3_KEY'
[2026-02-16T15:16:56.555+0000] {taskinstance.py:1138} INFO - Marking task as UP_FOR_RETRY. dag_id=sec_edgar_pipeline, task_id=load_to_snowflake, execution_date=20260215T090000, start_date=20260216T151653, end_date=20260216T151656
[2026-02-16T15:16:56.573+0000] {standard_task_runner.py:107} ERROR - Failed to execute job 62 for task load_to_snowflake (000904 (42000): 01c27414-3203-bf2d-0007-1d660013d132: SQL compilation error: error line 3 at position 47
invalid identifier 'S3_KEY'; 555)
[2026-02-16T15:16:56.633+0000] {local_task_job_runner.py:234} INFO - Task exited with return code 1
[2026-02-16T15:16:56.665+0000] {taskinstance.py:3280} INFO - 0 downstream tasks scheduled from follow-on schedule check
[2026-02-16T15:26:35.085+0000] {taskinstance.py:1956} INFO - Dependencies all met for dep_context=non-requeueable deps ti=<TaskInstance: sec_edgar_pipeline.load_to_snowflake scheduled__2026-02-15T09:00:00+00:00 [queued]>
[2026-02-16T15:26:35.097+0000] {taskinstance.py:1956} INFO - Dependencies all met for dep_context=requeueable deps ti=<TaskInstance: sec_edgar_pipeline.load_to_snowflake scheduled__2026-02-15T09:00:00+00:00 [queued]>
[2026-02-16T15:26:35.098+0000] {taskinstance.py:2170} INFO - Starting attempt 2 of 4
[2026-02-16T15:26:35.166+0000] {taskinstance.py:2191} INFO - Executing <Task(PythonOperator): load_to_snowflake> on 2026-02-15 09:00:00+00:00
[2026-02-16T15:26:35.177+0000] {standard_task_runner.py:60} INFO - Started process 540 to run task
[2026-02-16T15:26:35.181+0000] {standard_task_runner.py:87} INFO - Running: ['***', 'tasks', 'run', 'sec_edgar_pipeline', 'load_to_snowflake', 'scheduled__2026-02-15T09:00:00+00:00', '--job-id', '70', '--raw', '--subdir', 'DAGS_FOLDER/sec_edgar_dag.py', '--cfg-path', '/tmp/tmpjz2zewop']
[2026-02-16T15:26:35.187+0000] {standard_task_runner.py:88} INFO - Job 70: Subtask load_to_snowflake
[2026-02-16T15:26:35.263+0000] {task_command.py:423} INFO - Running <TaskInstance: sec_edgar_pipeline.load_to_snowflake scheduled__2026-02-15T09:00:00+00:00 [running]> on host ea18fbadf717
[2026-02-16T15:26:35.473+0000] {taskinstance.py:2480} INFO - Exporting env vars: AIRFLOW_CTX_DAG_OWNER='pe-orgair-team' AIRFLOW_CTX_DAG_ID='sec_edgar_pipeline' AIRFLOW_CTX_TASK_ID='load_to_snowflake' AIRFLOW_CTX_EXECUTION_DATE='2026-02-15T09:00:00+00:00' AIRFLOW_CTX_TRY_NUMBER='2' AIRFLOW_CTX_DAG_RUN_ID='scheduled__2026-02-15T09:00:00+00:00'
[2026-02-16T15:26:35.597+0000] {crypto.py:82} WARNING - empty cryptography key - values will not be stored encrypted.
[2026-02-16T15:26:35.599+0000] {base.py:83} INFO - Using connection ID 'snowflake_default' for task execution.
[2026-02-16T15:26:35.601+0000] {connection.py:370} INFO - Snowflake Connector for Python Version: 3.6.0, Python Version: 3.11.8, Platform: Linux-5.15.167.4-microsoft-standard-WSL2-x86_64-with-glibc2.36
[2026-02-16T15:26:35.602+0000] {connection.py:1171} INFO - This connection is in OCSP Fail Open Mode. TLS Certificates would be checked for validity and revocation status. Any other Certificate Revocation related exceptions or OCSP Responder failures would be disregarded in favor of connectivity.
[2026-02-16T15:26:37.480+0000] {cursor.py:1028} INFO - query: [INSERT INTO PE_ORGAIR.PUBLIC.DOCUMENTS ( id, company_id, ticker, filing_type, ac...]
[2026-02-16T15:26:39.505+0000] {cursor.py:1041} INFO - query execution done
[2026-02-16T15:26:39.515+0000] {cursor.py:1028} INFO - query: [ROLLBACK]
[2026-02-16T15:26:39.607+0000] {cursor.py:1041} INFO - query execution done
[2026-02-16T15:26:39.608+0000] {cursor.py:1205} INFO - Number of results in first chunk: 1
[2026-02-16T15:26:39.609+0000] {logging_mixin.py:188} INFO - 2026-02-16 15:26:39 [error    ] snowflake_load_failed          error='100072 (22000): 01c2741e-3203-bf57-0007-1d66001400d6: DML operation to table PE_ORGAIR.PUBLIC.DOCUMENTS failed on column FILE_PATH with error: NULL result in a non-nullable column'
[2026-02-16T15:26:39.610+0000] {connection.py:718} INFO - closed
[2026-02-16T15:26:39.708+0000] {connection.py:724} INFO - No async queries seem to be running, deleting session
[2026-02-16T15:26:39.777+0000] {taskinstance.py:2698} ERROR - Task failed with exception
Traceback (most recent call last):
  File "/home/airflow/.local/lib/python3.11/site-packages/airflow/models/taskinstance.py", line 428, in _execute_task
    result = execute_callable(context=context, **execute_callable_kwargs)
             ^^^^^^^^^^^^^^^^^^^^^^^^^^^^^^^^^^^^^^^^^^^^^^^^^^^^^^^^^^^^
  File "/home/airflow/.local/lib/python3.11/site-packages/airflow/operators/python.py", line 199, in execute
    return_value = self.execute_callable()
                   ^^^^^^^^^^^^^^^^^^^^^^^
  File "/home/airflow/.local/lib/python3.11/site-packages/airflow/operators/python.py", line 216, in execute_callable
    return self.python_callable(*self.op_args, **self.op_kwargs)
           ^^^^^^^^^^^^^^^^^^^^^^^^^^^^^^^^^^^^^^^^^^^^^^^^^^^^^
  File "/opt/airflow/dags/sec_edgar_dag.py", line 392, in load_to_snowflake
    cur.execute("""
  File "/home/airflow/.local/lib/python3.11/site-packages/snowflake/connector/cursor.py", line 1132, in execute
    Error.errorhandler_wrapper(self.connection, self, error_class, errvalue)
  File "/home/airflow/.local/lib/python3.11/site-packages/snowflake/connector/errors.py", line 290, in errorhandler_wrapper
    handed_over = Error.hand_to_other_handler(
                  ^^^^^^^^^^^^^^^^^^^^^^^^^^^^
  File "/home/airflow/.local/lib/python3.11/site-packages/snowflake/connector/errors.py", line 345, in hand_to_other_handler
    cursor.errorhandler(connection, cursor, error_class, error_value)
  File "/home/airflow/.local/lib/python3.11/site-packages/snowflake/connector/errors.py", line 221, in default_errorhandler
    raise error_class(
snowflake.connector.errors.IntegrityError: 100072 (22000): 01c2741e-3203-bf57-0007-1d66001400d6: DML operation to table PE_ORGAIR.PUBLIC.DOCUMENTS failed on column FILE_PATH with error: NULL result in a non-nullable column
[2026-02-16T15:26:39.792+0000] {taskinstance.py:1138} INFO - Marking task as UP_FOR_RETRY. dag_id=sec_edgar_pipeline, task_id=load_to_snowflake, execution_date=20260215T090000, start_date=20260216T152635, end_date=20260216T152639
[2026-02-16T15:26:39.858+0000] {standard_task_runner.py:107} ERROR - Failed to execute job 70 for task load_to_snowflake (100072 (22000): 01c2741e-3203-bf57-0007-1d66001400d6: DML operation to table PE_ORGAIR.PUBLIC.DOCUMENTS failed on column FILE_PATH with error: NULL result in a non-nullable column; 540)
[2026-02-16T15:26:39.900+0000] {local_task_job_runner.py:234} INFO - Task exited with return code 1
[2026-02-16T15:26:39.932+0000] {taskinstance.py:3280} INFO - 0 downstream tasks scheduled from follow-on schedule check
