[2026-02-16T15:11:32.096+0000] {taskinstance.py:1956} INFO - Dependencies all met for dep_context=non-requeueable deps ti=<TaskInstance: sec_edgar_pipeline.upload_to_s3 scheduled__2026-02-15T09:00:00+00:00 [queued]>
[2026-02-16T15:11:32.108+0000] {taskinstance.py:1956} INFO - Dependencies all met for dep_context=requeueable deps ti=<TaskInstance: sec_edgar_pipeline.upload_to_s3 scheduled__2026-02-15T09:00:00+00:00 [queued]>
[2026-02-16T15:11:32.109+0000] {taskinstance.py:2170} INFO - Starting attempt 1 of 4
[2026-02-16T15:11:32.170+0000] {taskinstance.py:2191} INFO - Executing <Task(PythonOperator): upload_to_s3> on 2026-02-15 09:00:00+00:00
[2026-02-16T15:11:32.181+0000] {standard_task_runner.py:60} INFO - Started process 326 to run task
[2026-02-16T15:11:32.184+0000] {standard_task_runner.py:87} INFO - Running: ['***', 'tasks', 'run', 'sec_edgar_pipeline', 'upload_to_s3', 'scheduled__2026-02-15T09:00:00+00:00', '--job-id', '60', '--raw', '--subdir', 'DAGS_FOLDER/sec_edgar_dag.py', '--cfg-path', '/tmp/tmpfwzhkqkm']
[2026-02-16T15:11:32.187+0000] {standard_task_runner.py:88} INFO - Job 60: Subtask upload_to_s3
[2026-02-16T15:11:32.253+0000] {task_command.py:423} INFO - Running <TaskInstance: sec_edgar_pipeline.upload_to_s3 scheduled__2026-02-15T09:00:00+00:00 [running]> on host ea18fbadf717
[2026-02-16T15:11:32.454+0000] {taskinstance.py:2480} INFO - Exporting env vars: AIRFLOW_CTX_DAG_OWNER='pe-orgair-team' AIRFLOW_CTX_DAG_ID='sec_edgar_pipeline' AIRFLOW_CTX_TASK_ID='upload_to_s3' AIRFLOW_CTX_EXECUTION_DATE='2026-02-15T09:00:00+00:00' AIRFLOW_CTX_TRY_NUMBER='1' AIRFLOW_CTX_DAG_RUN_ID='scheduled__2026-02-15T09:00:00+00:00'
[2026-02-16T15:11:32.549+0000] {crypto.py:82} WARNING - empty cryptography key - values will not be stored encrypted.
[2026-02-16T15:11:32.550+0000] {base.py:83} INFO - Using connection ID 'aws_default' for task execution.
[2026-02-16T15:11:32.552+0000] {connection_wrapper.py:378} INFO - AWS Connection (conn_id='aws_default', conn_type='aws') credentials retrieved from login and password.
[2026-02-16T15:11:35.007+0000] {logging_mixin.py:188} INFO - 2026-02-16 15:11:35 [info     ] s3_upload_success              filing_type=10-K s3_key=sec/WMT/10-K/0000104169-20-000011/full-submission.txt
[2026-02-16T15:11:36.031+0000] {logging_mixin.py:188} INFO - 2026-02-16 15:11:36 [info     ] s3_upload_success              filing_type=10-K s3_key=sec/WMT/10-K/0000104169-21-000033/full-submission.txt
[2026-02-16T15:11:37.270+0000] {logging_mixin.py:188} INFO - 2026-02-16 15:11:37 [info     ] s3_upload_success              filing_type=10-K s3_key=sec/WMT/10-K/0000104169-22-000012/full-submission.txt
[2026-02-16T15:11:38.568+0000] {logging_mixin.py:188} INFO - 2026-02-16 15:11:38 [info     ] s3_upload_success              filing_type=10-K s3_key=sec/WMT/10-K/0000104169-23-000020/full-submission.txt
[2026-02-16T15:11:39.820+0000] {logging_mixin.py:188} INFO - 2026-02-16 15:11:39 [info     ] s3_upload_success              filing_type=10-Q s3_key=sec/WMT/10-Q/0000104169-25-000090/full-submission.txt
[2026-02-16T15:11:40.826+0000] {logging_mixin.py:188} INFO - 2026-02-16 15:11:40 [info     ] s3_upload_success              filing_type=10-Q s3_key=sec/WMT/10-Q/0000104169-25-000137/full-submission.txt
[2026-02-16T15:11:42.124+0000] {logging_mixin.py:188} INFO - 2026-02-16 15:11:42 [info     ] s3_upload_success              filing_type=8-K s3_key=sec/WMT/8-K/0000104169-25-000120/full-submission.txt
[2026-02-16T15:11:42.485+0000] {logging_mixin.py:188} INFO - 2026-02-16 15:11:42 [info     ] s3_upload_success              filing_type=8-K s3_key=sec/WMT/8-K/0000104169-25-000143/full-submission.txt
[2026-02-16T15:11:42.689+0000] {logging_mixin.py:188} INFO - 2026-02-16 15:11:42 [info     ] s3_upload_success              filing_type=8-K s3_key=sec/WMT/8-K/0000104169-25-000151/full-submission.txt
[2026-02-16T15:11:42.891+0000] {logging_mixin.py:188} INFO - 2026-02-16 15:11:42 [info     ] s3_upload_success              filing_type=8-K s3_key=sec/WMT/8-K/0000104169-25-000153/full-submission.txt
[2026-02-16T15:11:43.098+0000] {logging_mixin.py:188} INFO - 2026-02-16 15:11:43 [info     ] s3_upload_success              filing_type=8-K s3_key=sec/WMT/8-K/0000104169-25-000168/full-submission.txt
[2026-02-16T15:11:43.406+0000] {logging_mixin.py:188} INFO - 2026-02-16 15:11:43 [info     ] s3_upload_success              filing_type=8-K s3_key=sec/WMT/8-K/0000104169-25-000172/full-submission.txt
[2026-02-16T15:11:45.216+0000] {logging_mixin.py:188} INFO - 2026-02-16 15:11:45 [info     ] s3_upload_success              filing_type=8-K s3_key=sec/WMT/8-K/0000104169-25-000177/full-submission.txt
[2026-02-16T15:11:45.411+0000] {logging_mixin.py:188} INFO - 2026-02-16 15:11:45 [info     ] s3_upload_success              filing_type=8-K s3_key=sec/WMT/8-K/0000104169-25-000238/full-submission.txt
[2026-02-16T15:11:45.618+0000] {logging_mixin.py:188} INFO - 2026-02-16 15:11:45 [info     ] s3_upload_success              filing_type=8-K s3_key=sec/WMT/8-K/0000104169-26-000008/full-submission.txt
[2026-02-16T15:11:45.624+0000] {logging_mixin.py:188} INFO - 2026-02-16 15:11:45 [info     ] s3_upload_complete             files_uploaded=15 ticker=WMT
[2026-02-16T15:11:45.625+0000] {python.py:201} INFO - Done. Returned value was: 15
[2026-02-16T15:11:45.659+0000] {taskinstance.py:1138} INFO - Marking task as SUCCESS. dag_id=sec_edgar_pipeline, task_id=upload_to_s3, execution_date=20260215T090000, start_date=20260216T151132, end_date=20260216T151145
[2026-02-16T15:11:45.695+0000] {local_task_job_runner.py:234} INFO - Task exited with return code 0
[2026-02-16T15:11:45.725+0000] {taskinstance.py:3280} INFO - 1 downstream tasks scheduled from follow-on schedule check
[2026-02-16T15:21:12.487+0000] {taskinstance.py:1956} INFO - Dependencies all met for dep_context=non-requeueable deps ti=<TaskInstance: sec_edgar_pipeline.upload_to_s3 scheduled__2026-02-15T09:00:00+00:00 [queued]>
[2026-02-16T15:21:12.499+0000] {taskinstance.py:1956} INFO - Dependencies all met for dep_context=requeueable deps ti=<TaskInstance: sec_edgar_pipeline.upload_to_s3 scheduled__2026-02-15T09:00:00+00:00 [queued]>
[2026-02-16T15:21:12.500+0000] {taskinstance.py:2170} INFO - Starting attempt 1 of 4
[2026-02-16T15:21:12.566+0000] {taskinstance.py:2191} INFO - Executing <Task(PythonOperator): upload_to_s3> on 2026-02-15 09:00:00+00:00
[2026-02-16T15:21:12.577+0000] {standard_task_runner.py:60} INFO - Started process 332 to run task
[2026-02-16T15:21:12.581+0000] {standard_task_runner.py:87} INFO - Running: ['***', 'tasks', 'run', 'sec_edgar_pipeline', 'upload_to_s3', 'scheduled__2026-02-15T09:00:00+00:00', '--job-id', '68', '--raw', '--subdir', 'DAGS_FOLDER/sec_edgar_dag.py', '--cfg-path', '/tmp/tmpvmb7a88b']
[2026-02-16T15:21:12.584+0000] {standard_task_runner.py:88} INFO - Job 68: Subtask upload_to_s3
[2026-02-16T15:21:12.649+0000] {task_command.py:423} INFO - Running <TaskInstance: sec_edgar_pipeline.upload_to_s3 scheduled__2026-02-15T09:00:00+00:00 [running]> on host ea18fbadf717
[2026-02-16T15:21:12.786+0000] {taskinstance.py:2480} INFO - Exporting env vars: AIRFLOW_CTX_DAG_OWNER='pe-orgair-team' AIRFLOW_CTX_DAG_ID='sec_edgar_pipeline' AIRFLOW_CTX_TASK_ID='upload_to_s3' AIRFLOW_CTX_EXECUTION_DATE='2026-02-15T09:00:00+00:00' AIRFLOW_CTX_TRY_NUMBER='1' AIRFLOW_CTX_DAG_RUN_ID='scheduled__2026-02-15T09:00:00+00:00'
[2026-02-16T15:21:12.893+0000] {crypto.py:82} WARNING - empty cryptography key - values will not be stored encrypted.
[2026-02-16T15:21:12.894+0000] {base.py:83} INFO - Using connection ID 'aws_default' for task execution.
[2026-02-16T15:21:12.895+0000] {connection_wrapper.py:378} INFO - AWS Connection (conn_id='aws_default', conn_type='aws') credentials retrieved from login and password.
[2026-02-16T15:21:15.205+0000] {logging_mixin.py:188} INFO - 2026-02-16 15:21:15 [info     ] s3_upload_success              filing_type=10-K s3_key=sec/WMT/10-K/0000104169-20-000011/full-submission.txt
[2026-02-16T15:21:16.096+0000] {logging_mixin.py:188} INFO - 2026-02-16 15:21:16 [info     ] s3_upload_success              filing_type=10-K s3_key=sec/WMT/10-K/0000104169-21-000033/full-submission.txt
[2026-02-16T15:21:17.219+0000] {logging_mixin.py:188} INFO - 2026-02-16 15:21:17 [info     ] s3_upload_success              filing_type=10-K s3_key=sec/WMT/10-K/0000104169-22-000012/full-submission.txt
[2026-02-16T15:21:18.278+0000] {logging_mixin.py:188} INFO - 2026-02-16 15:21:18 [info     ] s3_upload_success              filing_type=10-K s3_key=sec/WMT/10-K/0000104169-23-000020/full-submission.txt
[2026-02-16T15:21:18.892+0000] {logging_mixin.py:188} INFO - 2026-02-16 15:21:18 [info     ] s3_upload_success              filing_type=10-Q s3_key=sec/WMT/10-Q/0000104169-25-000090/full-submission.txt
[2026-02-16T15:21:19.508+0000] {logging_mixin.py:188} INFO - 2026-02-16 15:21:19 [info     ] s3_upload_success              filing_type=10-Q s3_key=sec/WMT/10-Q/0000104169-25-000137/full-submission.txt
[2026-02-16T15:21:21.041+0000] {logging_mixin.py:188} INFO - 2026-02-16 15:21:21 [info     ] s3_upload_success              filing_type=8-K s3_key=sec/WMT/8-K/0000104169-25-000120/full-submission.txt
[2026-02-16T15:21:21.254+0000] {logging_mixin.py:188} INFO - 2026-02-16 15:21:21 [info     ] s3_upload_success              filing_type=8-K s3_key=sec/WMT/8-K/0000104169-25-000143/full-submission.txt
[2026-02-16T15:21:21.557+0000] {logging_mixin.py:188} INFO - 2026-02-16 15:21:21 [info     ] s3_upload_success              filing_type=8-K s3_key=sec/WMT/8-K/0000104169-25-000151/full-submission.txt
[2026-02-16T15:21:21.861+0000] {logging_mixin.py:188} INFO - 2026-02-16 15:21:21 [info     ] s3_upload_success              filing_type=8-K s3_key=sec/WMT/8-K/0000104169-25-000153/full-submission.txt
[2026-02-16T15:21:22.091+0000] {logging_mixin.py:188} INFO - 2026-02-16 15:21:22 [info     ] s3_upload_success              filing_type=8-K s3_key=sec/WMT/8-K/0000104169-25-000168/full-submission.txt
[2026-02-16T15:21:22.373+0000] {logging_mixin.py:188} INFO - 2026-02-16 15:21:22 [info     ] s3_upload_success              filing_type=8-K s3_key=sec/WMT/8-K/0000104169-25-000172/full-submission.txt
[2026-02-16T15:21:23.661+0000] {logging_mixin.py:188} INFO - 2026-02-16 15:21:23 [info     ] s3_upload_success              filing_type=8-K s3_key=sec/WMT/8-K/0000104169-25-000177/full-submission.txt
[2026-02-16T15:21:23.911+0000] {logging_mixin.py:188} INFO - 2026-02-16 15:21:23 [info     ] s3_upload_success              filing_type=8-K s3_key=sec/WMT/8-K/0000104169-25-000238/full-submission.txt
[2026-02-16T15:21:24.088+0000] {logging_mixin.py:188} INFO - 2026-02-16 15:21:24 [info     ] s3_upload_success              filing_type=8-K s3_key=sec/WMT/8-K/0000104169-26-000008/full-submission.txt
[2026-02-16T15:21:24.096+0000] {logging_mixin.py:188} INFO - 2026-02-16 15:21:24 [info     ] s3_upload_complete             files_uploaded=15 ticker=WMT
[2026-02-16T15:21:24.097+0000] {python.py:201} INFO - Done. Returned value was: 15
[2026-02-16T15:21:24.184+0000] {taskinstance.py:1138} INFO - Marking task as SUCCESS. dag_id=sec_edgar_pipeline, task_id=upload_to_s3, execution_date=20260215T090000, start_date=20260216T152112, end_date=20260216T152124
[2026-02-16T15:21:24.246+0000] {local_task_job_runner.py:234} INFO - Task exited with return code 0
[2026-02-16T15:21:24.286+0000] {taskinstance.py:3280} INFO - 1 downstream tasks scheduled from follow-on schedule check
[2026-02-16T15:30:35.960+0000] {taskinstance.py:1956} INFO - Dependencies all met for dep_context=non-requeueable deps ti=<TaskInstance: sec_edgar_pipeline.upload_to_s3 scheduled__2026-02-15T09:00:00+00:00 [queued]>
[2026-02-16T15:30:35.972+0000] {taskinstance.py:1956} INFO - Dependencies all met for dep_context=requeueable deps ti=<TaskInstance: sec_edgar_pipeline.upload_to_s3 scheduled__2026-02-15T09:00:00+00:00 [queued]>
[2026-02-16T15:30:35.973+0000] {taskinstance.py:2170} INFO - Starting attempt 1 of 4
[2026-02-16T15:30:35.991+0000] {taskinstance.py:2191} INFO - Executing <Task(PythonOperator): upload_to_s3> on 2026-02-15 09:00:00+00:00
[2026-02-16T15:30:36.002+0000] {standard_task_runner.py:60} INFO - Started process 315 to run task
[2026-02-16T15:30:36.005+0000] {standard_task_runner.py:87} INFO - Running: ['***', 'tasks', 'run', 'sec_edgar_pipeline', 'upload_to_s3', 'scheduled__2026-02-15T09:00:00+00:00', '--job-id', '76', '--raw', '--subdir', 'DAGS_FOLDER/sec_edgar_dag.py', '--cfg-path', '/tmp/tmp9avrhigq']
[2026-02-16T15:30:36.008+0000] {standard_task_runner.py:88} INFO - Job 76: Subtask upload_to_s3
[2026-02-16T15:30:36.070+0000] {task_command.py:423} INFO - Running <TaskInstance: sec_edgar_pipeline.upload_to_s3 scheduled__2026-02-15T09:00:00+00:00 [running]> on host ea18fbadf717
[2026-02-16T15:30:36.230+0000] {taskinstance.py:2480} INFO - Exporting env vars: AIRFLOW_CTX_DAG_OWNER='pe-orgair-team' AIRFLOW_CTX_DAG_ID='sec_edgar_pipeline' AIRFLOW_CTX_TASK_ID='upload_to_s3' AIRFLOW_CTX_EXECUTION_DATE='2026-02-15T09:00:00+00:00' AIRFLOW_CTX_TRY_NUMBER='1' AIRFLOW_CTX_DAG_RUN_ID='scheduled__2026-02-15T09:00:00+00:00'
[2026-02-16T15:30:36.323+0000] {crypto.py:82} WARNING - empty cryptography key - values will not be stored encrypted.
[2026-02-16T15:30:36.324+0000] {base.py:83} INFO - Using connection ID 'aws_default' for task execution.
[2026-02-16T15:30:36.325+0000] {connection_wrapper.py:378} INFO - AWS Connection (conn_id='aws_default', conn_type='aws') credentials retrieved from login and password.
[2026-02-16T15:30:39.531+0000] {logging_mixin.py:188} INFO - 2026-02-16 15:30:39 [info     ] s3_upload_success              filing_type=10-K s3_key=sec/WMT/10-K/0000104169-20-000011/full-submission.txt
[2026-02-16T15:30:40.644+0000] {logging_mixin.py:188} INFO - 2026-02-16 15:30:40 [info     ] s3_upload_success              filing_type=10-K s3_key=sec/WMT/10-K/0000104169-21-000033/full-submission.txt
[2026-02-16T15:30:42.091+0000] {logging_mixin.py:188} INFO - 2026-02-16 15:30:42 [info     ] s3_upload_success              filing_type=10-K s3_key=sec/WMT/10-K/0000104169-22-000012/full-submission.txt
[2026-02-16T15:30:43.421+0000] {logging_mixin.py:188} INFO - 2026-02-16 15:30:43 [info     ] s3_upload_success              filing_type=10-K s3_key=sec/WMT/10-K/0000104169-23-000020/full-submission.txt
[2026-02-16T15:30:44.043+0000] {logging_mixin.py:188} INFO - 2026-02-16 15:30:44 [info     ] s3_upload_success              filing_type=10-Q s3_key=sec/WMT/10-Q/0000104169-25-000090/full-submission.txt
[2026-02-16T15:30:44.775+0000] {logging_mixin.py:188} INFO - 2026-02-16 15:30:44 [info     ] s3_upload_success              filing_type=10-Q s3_key=sec/WMT/10-Q/0000104169-25-000137/full-submission.txt
[2026-02-16T15:30:49.872+0000] {logging_mixin.py:188} INFO - 2026-02-16 15:30:49 [info     ] s3_upload_success              filing_type=8-K s3_key=sec/WMT/8-K/0000104169-25-000120/full-submission.txt
[2026-02-16T15:30:50.282+0000] {logging_mixin.py:188} INFO - 2026-02-16 15:30:50 [info     ] s3_upload_success              filing_type=8-K s3_key=sec/WMT/8-K/0000104169-25-000143/full-submission.txt
[2026-02-16T15:30:50.575+0000] {logging_mixin.py:188} INFO - 2026-02-16 15:30:50 [info     ] s3_upload_success              filing_type=8-K s3_key=sec/WMT/8-K/0000104169-25-000151/full-submission.txt
[2026-02-16T15:30:50.999+0000] {logging_mixin.py:188} INFO - 2026-02-16 15:30:50 [info     ] s3_upload_success              filing_type=8-K s3_key=sec/WMT/8-K/0000104169-25-000153/full-submission.txt
[2026-02-16T15:30:51.408+0000] {logging_mixin.py:188} INFO - 2026-02-16 15:30:51 [info     ] s3_upload_success              filing_type=8-K s3_key=sec/WMT/8-K/0000104169-25-000168/full-submission.txt
[2026-02-16T15:30:52.025+0000] {logging_mixin.py:188} INFO - 2026-02-16 15:30:52 [info     ] s3_upload_success              filing_type=8-K s3_key=sec/WMT/8-K/0000104169-25-000172/full-submission.txt
[2026-02-16T15:30:55.575+0000] {logging_mixin.py:188} INFO - 2026-02-16 15:30:55 [info     ] s3_upload_success              filing_type=8-K s3_key=sec/WMT/8-K/0000104169-25-000177/full-submission.txt
[2026-02-16T15:30:55.993+0000] {logging_mixin.py:188} INFO - 2026-02-16 15:30:55 [info     ] s3_upload_success              filing_type=8-K s3_key=sec/WMT/8-K/0000104169-25-000238/full-submission.txt
[2026-02-16T15:30:56.531+0000] {logging_mixin.py:188} INFO - 2026-02-16 15:30:56 [info     ] s3_upload_success              filing_type=8-K s3_key=sec/WMT/8-K/0000104169-26-000008/full-submission.txt
[2026-02-16T15:30:56.538+0000] {logging_mixin.py:188} INFO - 2026-02-16 15:30:56 [info     ] s3_upload_complete             files_uploaded=15 ticker=WMT
[2026-02-16T15:30:56.540+0000] {python.py:201} INFO - Done. Returned value was: 15
[2026-02-16T15:30:56.630+0000] {taskinstance.py:1138} INFO - Marking task as SUCCESS. dag_id=sec_edgar_pipeline, task_id=upload_to_s3, execution_date=20260215T090000, start_date=20260216T153035, end_date=20260216T153056
[2026-02-16T15:30:56.709+0000] {local_task_job_runner.py:234} INFO - Task exited with return code 0
[2026-02-16T15:30:56.749+0000] {taskinstance.py:3280} INFO - 1 downstream tasks scheduled from follow-on schedule check
